EN four_input_mux NULL C:/Users/projpc1/Desktop/Lab3/four_input_mux.vhd sub00/vhpl12 1509620341
EN nbit_universal_shiftreg NULL C:/Users/projpc1/Desktop/Lab3/nbit_universal_shiftreg.vhd sub00/vhpl16 1509620349
EN d_flipflop NULL C:/Users/projpc1/Desktop/Lab3/D_flipflop.vhd sub00/vhpl00 1509621794
EN shift_rotate NULL C:/Users/projpc1/Desktop/Lab3/shift_rotate.vhd sub00/vhpl14 1509620347
AR two_input_xor behavioral C:/Users/projpc1/Desktop/Lab3/two_input_xor.vhd sub00/vhpl23 1509621799
AR shift_rotate behavioral C:/Users/projpc1/Desktop/Lab3/shift_rotate.vhd sub00/vhpl15 1509620348
AR nbit_two_input_mux behavioral C:/Users/projpc1/Desktop/Lab3/nbit_two_input_mux.vhd sub00/vhpl09 1509619679
EN four_bit_linear_feedback_shiftreg NULL C:/Users/projpc1/Desktop/Lab3/four_bit_linear_feedback_shiftreg.vhd sub00/vhpl24 1509621802
AR nbit_shiftreg behavioral C:/Users/projpc1/Desktop/Lab3/nbit_shiftreg.vhd sub00/vhpl05 1509621801
AR nbit_reg behavioral C:/Users/projpc1/Desktop/Lab3/nbit_reg.vhd sub00/vhpl03 1509621797
EN nbit_shiftreg_parallel_load NULL C:/Users/projpc1/Desktop/Lab3/nbit_shiftreg_parallel_load.vhd sub00/vhpl10 1509619680
AR not_gate behavioral C:/Users/projpc1/Desktop/Lab3/not_gate.vhd sub00/vhpl19 1509621054
EN nbit_two_input_mux NULL C:/Users/projpc1/Desktop/Lab3/nbit_two_input_mux.vhd sub00/vhpl08 1509619678
EN not_gate NULL C:/Users/projpc1/Desktop/Lab3/not_gate.vhd sub00/vhpl18 1509621053
EN nbit_twisted_ring_counter NULL C:/Users/projpc1/Desktop/Lab3/nbit_twisted_ring_counter.vhd sub00/vhpl20 1509621057
EN nbit_reg NULL C:/Users/projpc1/Desktop/Lab3/nbit_reg.vhd sub00/vhpl02 1509621796
AR four_input_mux behavioral C:/Users/projpc1/Desktop/Lab3/four_input_mux.vhd sub00/vhpl13 1509620342
EN two_input_xor NULL C:/Users/projpc1/Desktop/Lab3/two_input_xor.vhd sub00/vhpl22 1509621798
AR nbit_twisted_ring_counter behavioral C:/Users/projpc1/Desktop/Lab3/nbit_twisted_ring_counter.vhd sub00/vhpl21 1509621058
AR nbit_universal_shiftreg behavioral C:/Users/projpc1/Desktop/Lab3/nbit_universal_shiftreg.vhd sub00/vhpl17 1509620350
EN two_to_one_mux NULL C:/Users/projpc1/Desktop/Lab3/two_to_one_mux.vhd sub00/vhpl06 1509620339
AR two_to_one_mux behavioral C:/Users/projpc1/Desktop/Lab3/two_to_one_mux.vhd sub00/vhpl07 1509620340
AR d_flipflop behavioral C:/Users/projpc1/Desktop/Lab3/D_flipflop.vhd sub00/vhpl01 1509621795
AR four_bit_linear_feedback_shiftreg behavioral C:/Users/projpc1/Desktop/Lab3/four_bit_linear_feedback_shiftreg.vhd sub00/vhpl25 1509621803
EN nbit_shiftreg NULL C:/Users/projpc1/Desktop/Lab3/nbit_shiftreg.vhd sub00/vhpl04 1509621800
AR nbit_shiftreg_parallel_load behavioral C:/Users/projpc1/Desktop/Lab3/nbit_shiftreg_parallel_load.vhd sub00/vhpl11 1509619681
