V3 48
FL C:/Users/projpc1/Desktop/Lab3/D_flipflop.vhd 2017/10/31.15:25:06 P.20131013
EN work/D_flipflop 1509621794 FL C:/Users/projpc1/Desktop/Lab3/D_flipflop.vhd \
      PB ieee/std_logic_1164 1381692176 PB ieee/std_logic_arith 1381692177 \
      PB ieee/STD_LOGIC_UNSIGNED 1381692179
AR work/D_flipflop/Behavioral 1509621795 \
      FL C:/Users/projpc1/Desktop/Lab3/D_flipflop.vhd EN work/D_flipflop 1509621794
FL C:/Users/projpc1/Desktop/Lab3/four_bit_linear_feedback_shiftreg.vhd 2017/10/29.21:02:54 P.20131013
EN work/four_bit_linear_feedback_shiftreg 1509621802 \
      FL C:/Users/projpc1/Desktop/Lab3/four_bit_linear_feedback_shiftreg.vhd \
      PB ieee/std_logic_1164 1381692176
AR work/four_bit_linear_feedback_shiftreg/Behavioral 1509621803 \
      FL C:/Users/projpc1/Desktop/Lab3/four_bit_linear_feedback_shiftreg.vhd \
      EN work/four_bit_linear_feedback_shiftreg 1509621802 CP two_input_xor \
      CP nbit_shiftreg
FL C:/Users/projpc1/Desktop/Lab3/four_input_mux.vhd 2017/10/29.21:02:54 P.20131013
EN work/four_input_mux 1509620341 \
      FL C:/Users/projpc1/Desktop/Lab3/four_input_mux.vhd PB ieee/std_logic_1164 1381692176
AR work/four_input_mux/Behavioral 1509620342 \
      FL C:/Users/projpc1/Desktop/Lab3/four_input_mux.vhd EN work/four_input_mux 1509620341 \
      CP two_to_one_mux
FL C:/Users/projpc1/Desktop/Lab3/nbit_reg.vhd 2017/10/31.15:25:06 P.20131013
EN work/nbit_reg 1509621796 FL C:/Users/projpc1/Desktop/Lab3/nbit_reg.vhd \
      PB ieee/std_logic_1164 1381692176
AR work/nbit_reg/Behavioral 1509621797 \
      FL C:/Users/projpc1/Desktop/Lab3/nbit_reg.vhd EN work/nbit_reg 1509621796 \
      CP D_flipflop
FL C:/Users/projpc1/Desktop/Lab3/nbit_shiftreg.vhd 2017/10/29.21:03:06 P.20131013
EN work/nbit_shiftreg 1509621800 \
      FL C:/Users/projpc1/Desktop/Lab3/nbit_shiftreg.vhd PB ieee/std_logic_1164 1381692176 \
      PB ieee/std_logic_arith 1381692177 PB ieee/STD_LOGIC_UNSIGNED 1381692179
AR work/nbit_shiftreg/Behavioral 1509621801 \
      FL C:/Users/projpc1/Desktop/Lab3/nbit_shiftreg.vhd EN work/nbit_shiftreg 1509621800 \
      CP nbit_reg
FL C:/Users/projpc1/Desktop/Lab3/nbit_shiftreg_parallel_load.vhd 2017/10/29.21:03:08 P.20131013
EN work/nbit_shiftreg_parallel_load 1509619680 \
      FL C:/Users/projpc1/Desktop/Lab3/nbit_shiftreg_parallel_load.vhd \
      PB ieee/std_logic_1164 1381692176
AR work/nbit_shiftreg_parallel_load/Behavioral 1509619681 \
      FL C:/Users/projpc1/Desktop/Lab3/nbit_shiftreg_parallel_load.vhd \
      EN work/nbit_shiftreg_parallel_load 1509619680 CP nbit_reg \
      CP nbit_two_input_mux
FL C:/Users/projpc1/Desktop/Lab3/nbit_twisted_ring_counter.vhd 2017/10/31.15:24:50 P.20131013
EN work/nbit_twisted_ring_counter 1509621057 \
      FL C:/Users/projpc1/Desktop/Lab3/nbit_twisted_ring_counter.vhd \
      PB ieee/std_logic_1164 1381692176
AR work/nbit_twisted_ring_counter/Behavioral 1509621058 \
      FL C:/Users/projpc1/Desktop/Lab3/nbit_twisted_ring_counter.vhd \
      EN work/nbit_twisted_ring_counter 1509621057 CP not_gate CP nbit_shiftreg
FL C:/Users/projpc1/Desktop/Lab3/nbit_two_input_mux.vhd 2017/10/29.21:03:20 P.20131013
EN work/nbit_two_input_mux 1509619678 \
      FL C:/Users/projpc1/Desktop/Lab3/nbit_two_input_mux.vhd \
      PB ieee/std_logic_1164 1381692176 PB ieee/std_logic_arith 1381692177 \
      PB ieee/STD_LOGIC_UNSIGNED 1381692179
AR work/nbit_two_input_mux/Behavioral 1509619679 \
      FL C:/Users/projpc1/Desktop/Lab3/nbit_two_input_mux.vhd \
      EN work/nbit_two_input_mux 1509619678 CP two_to_one_mux
FL C:/Users/projpc1/Desktop/Lab3/nbit_universal_shiftreg.vhd 2017/11/02.10:58:45 P.20131013
EN work/nbit_universal_shiftreg 1509620349 \
      FL C:/Users/projpc1/Desktop/Lab3/nbit_universal_shiftreg.vhd \
      PB ieee/std_logic_1164 1381692176
AR work/nbit_universal_shiftreg/Behavioral 1509620350 \
      FL C:/Users/projpc1/Desktop/Lab3/nbit_universal_shiftreg.vhd \
      EN work/nbit_universal_shiftreg 1509620349 CP nbit_reg CP shift_rotate
FL C:/Users/projpc1/Desktop/Lab3/not_gate.vhd 2017/10/29.21:03:24 P.20131013
EN work/not_gate 1509621053 FL C:/Users/projpc1/Desktop/Lab3/not_gate.vhd \
      PB ieee/std_logic_1164 1381692176
AR work/not_gate/Behavioral 1509621054 \
      FL C:/Users/projpc1/Desktop/Lab3/not_gate.vhd EN work/not_gate 1509621053
FL C:/Users/projpc1/Desktop/Lab3/shift_rotate.vhd 2017/10/29.21:03:26 P.20131013
EN work/shift_rotate 1509620347 FL C:/Users/projpc1/Desktop/Lab3/shift_rotate.vhd \
      PB ieee/std_logic_1164 1381692176
AR work/shift_rotate/Behavioral 1509620348 \
      FL C:/Users/projpc1/Desktop/Lab3/shift_rotate.vhd EN work/shift_rotate 1509620347 \
      CP two_to_one_mux CP four_input_mux
FL C:/Users/projpc1/Desktop/Lab3/two_input_xor.vhd 2017/10/29.21:03:26 P.20131013
EN work/two_input_xor 1509621798 \
      FL C:/Users/projpc1/Desktop/Lab3/two_input_xor.vhd PB ieee/std_logic_1164 1381692176
AR work/two_input_xor/Behavioral 1509621799 \
      FL C:/Users/projpc1/Desktop/Lab3/two_input_xor.vhd EN work/two_input_xor 1509621798
FL C:/Users/projpc1/Desktop/Lab3/two_to_one_mux.vhd 2017/10/29.21:03:26 P.20131013
EN work/two_to_one_mux 1509620339 \
      FL C:/Users/projpc1/Desktop/Lab3/two_to_one_mux.vhd PB ieee/std_logic_1164 1381692176
AR work/two_to_one_mux/Behavioral 1509620340 \
      FL C:/Users/projpc1/Desktop/Lab3/two_to_one_mux.vhd EN work/two_to_one_mux 1509620339
