Component: ARM Compiler 5.06 update 6 (build 750) Tool: armlink [4d35ed]

==============================================================================

Section Cross References

    main.o(i.buttonTask) refers to rtx_delay.o(.text.osDelay) for osDelay
    main.o(i.buttonTask) refers to gpio.o(i.isPressed) for isPressed
    main.o(i.buttonTask) refers to rtx_evflags.o(.text.osEventFlagsSet) for osEventFlagsSet
    main.o(i.buttonTask) refers to main.o(.data) for evtFlags
    main.o(i.initial_sound_off) refers to pit.o(i.startTimer) for startTimer
    main.o(i.initial_sound_off) refers to pit.o(i.setTimer) for setTimer
    main.o(i.initial_sound_off) refers to rtx_delay.o(.text.osDelay) for osDelay
    main.o(i.initial_sound_off) refers to pit.o(i.stopTimer) for stopTimer
    main.o(i.initial_sound_off) refers to main.o(.constdata) for .constdata
    main.o(i.initial_sound_on) refers to pit.o(i.startTimer) for startTimer
    main.o(i.initial_sound_on) refers to pit.o(i.setTimer) for setTimer
    main.o(i.initial_sound_on) refers to rtx_delay.o(.text.osDelay) for osDelay
    main.o(i.initial_sound_on) refers to pit.o(i.stopTimer) for stopTimer
    main.o(i.initial_sound_on) refers to main.o(.constdata) for .constdata
    main.o(i.main) refers to adc.o(i.Init_ADC) for Init_ADC
    main.o(i.main) refers to adc.o(i.ADC_Cal) for ADC_Cal
    main.o(i.main) refers to gpio.o(i.configureGPIOinput) for configureGPIOinput
    main.o(i.main) refers to gpio.o(i.configureGPIOoutput) for configureGPIOoutput
    main.o(i.main) refers to pit.o(i.configurePIT) for configurePIT
    main.o(i.main) refers to pit.o(i.setTimer) for setTimer
    main.o(i.main) refers to tpm_pwm.o(i.configureTPM0forPWM) for configureTPM0forPWM
    main.o(i.main) refers to tpm_pwm.o(i.setPWMDuty) for setPWMDuty
    main.o(i.main) refers to gpio.o(i.infraLEDOnOff) for infraLEDOnOff
    main.o(i.main) refers to system_mkl25z4.o(i.SystemCoreClockUpdate) for SystemCoreClockUpdate
    main.o(i.main) refers to rtx_kernel.o(.text.osKernelInitialize) for osKernelInitialize
    main.o(i.main) refers to rtx_evflags.o(.text.osEventFlagsNew) for osEventFlagsNew
    main.o(i.main) refers to rtx_thread.o(.text.osThreadNew) for osThreadNew
    main.o(i.main) refers to rtx_kernel.o(.text.osKernelStart) for osKernelStart
    main.o(i.main) refers to main.o(.data) for calibrationFailed
    main.o(i.main) refers to main.o(i.toneTask) for toneTask
    main.o(i.main) refers to main.o(i.buttonTask) for buttonTask
    main.o(i.playtone) refers to rt_memcpy.o(.emb_text) for __aeabi_memcpy4
    main.o(i.playtone) refers to tpm_pwm.o(i.setPWMDuty) for setPWMDuty
    main.o(i.playtone) refers to main.o(.constdata) for .constdata
    main.o(i.toneTask) refers to rt_memcpy.o(.emb_text) for __aeabi_memcpy4
    main.o(i.toneTask) refers to rtx_evflags.o(.text.osEventFlagsWait) for osEventFlagsWait
    main.o(i.toneTask) refers to gpio.o(i.blueLEDOnOff) for blueLEDOnOff
    main.o(i.toneTask) refers to gpio.o(i.infraLEDOnOff) for infraLEDOnOff
    main.o(i.toneTask) refers to main.o(i.initial_sound_on) for initial_sound_on
    main.o(i.toneTask) refers to adc.o(i.MeasureVoltage) for MeasureVoltage
    main.o(i.toneTask) refers to dflti.o(.text) for __aeabi_ui2d
    main.o(i.toneTask) refers to dmul.o(.text) for __aeabi_dmul
    main.o(i.toneTask) refers to ddiv.o(.text) for __aeabi_ddiv
    main.o(i.toneTask) refers to d2f.o(.text) for __aeabi_d2f
    main.o(i.toneTask) refers to main.o(i.voltage_range) for voltage_range
    main.o(i.toneTask) refers to gpio.o(i.isPressed) for isPressed
    main.o(i.toneTask) refers to main.o(i.initial_sound_off) for initial_sound_off
    main.o(i.toneTask) refers to main.o(.constdata) for .constdata
    main.o(i.toneTask) refers to main.o(.data) for evtFlags
    main.o(i.toneTask) refers to adc.o(.data) for sres
    main.o(i.voltage_range) refers to f2d.o(.text) for __aeabi_f2d
    main.o(i.voltage_range) refers to dlef.o(x$fpl$dleqf) for __aeabi_cdcmple
    main.o(i.voltage_range) refers to frlef.o(x$fpl$frleqf) for __aeabi_cfrcmple
    main.o(i.voltage_range) refers to main.o(i.playtone) for playtone
    main.o(i.voltage_range) refers to flef.o(x$fpl$fleqf) for __aeabi_cfcmple
    main.o(i.voltage_range) refers to drlef.o(x$fpl$drleqf) for __aeabi_cdrcmple
    main.o(i.voltage_range) refers to main.o(.data) for measured_voltage
    pit.o(i.PIT_IRQHandler) refers to pit.o(i.__NVIC_ClearPendingIRQ) for __NVIC_ClearPendingIRQ
    pit.o(i.PIT_IRQHandler) refers to gpio.o(i.audioToggle) for audioToggle
    pit.o(i.configurePIT) refers to pit.o(i.__NVIC_SetPriority) for __NVIC_SetPriority
    pit.o(i.configurePIT) refers to pit.o(i.__NVIC_ClearPendingIRQ) for __NVIC_ClearPendingIRQ
    adc.o(i.MeasureVoltage) refers to adc.o(.data) for sres
    adc.o(i.MeasureVoltageDiff) refers to adc.o(.data) for dres
    rtx_lib.o(i.__user_perthread_libspace) refers to rtx_lib.o(i.os_kernel_is_active) for os_kernel_is_active
[...]
    .ARM.Collect$$libshutdown$$0000000F      0x00000126   Section        0  libshutdown2.o(.ARM.Collect$$libshutdown$$0000000F)
    .ARM.Collect$$libshutdown$$00000010      0x00000126   Section        2  libshutdown2.o(.ARM.Collect$$libshutdown$$00000010)
    .ARM.Collect$$rtentry$$00000000          0x00000128   Section        0  __rtentry.o(.ARM.Collect$$rtentry$$00000000)
    .ARM.Collect$$rtentry$$00000002          0x00000128   Section        0  __rtentry2.o(.ARM.Collect$$rtentry$$00000002)
    .ARM.Collect$$rtentry$$00000004          0x00000128   Section        6  __rtentry4.o(.ARM.Collect$$rtentry$$00000004)
    .ARM.Collect$$rtentry$$00000008          0x0000012e   Section        8  __rtentry2.o(.ARM.Collect$$rtentry$$00000008)
    .ARM.Collect$$rtentry$$0000000A          0x00000136   Section        4  __rtentry2.o(.ARM.Collect$$rtentry$$0000000A)
    .ARM.Collect$$rtentry$$0000000C          0x0000013a   Section        0  __rtentry2.o(.ARM.Collect$$rtentry$$0000000C)
    .ARM.Collect$$rtentry$$0000000D          0x0000013a   Section        8  __rtentry2.o(.ARM.Collect$$rtentry$$0000000D)
    .ARM.Collect$$rtexit$$00000000           0x00000142   Section        2  rtexit.o(.ARM.Collect$$rtexit$$00000000)
    .ARM.Collect$$rtexit$$00000002           0x00000144   Section        0  rtexit2.o(.ARM.Collect$$rtexit$$00000002)
    .ARM.Collect$$rtexit$$00000003           0x00000144   Section        4  rtexit2.o(.ARM.Collect$$rtexit$$00000003)
    .ARM.Collect$$rtexit$$00000004           0x00000148   Section        6  rtexit2.o(.ARM.Collect$$rtexit$$00000004)
    .emb_text                                0x00000150   Section       56  rt_memcpy.o(.emb_text)
    .text                                    0x00000188   Section       64  startup_mkl25z4.o(.text)
    .text                                    0x000001c8   Section      164  irq_cm0.o(.text)
    .text                                    0x0000026c   Section        0  rt_memcpy.o(.text)
    .text                                    0x000002ee   Section        0  rt_memclr.o(.text)
    .text                                    0x0000032e   Section        0  heapauxi.o(.text)
    .text                                    0x00000334   Section        0  d2f.o(.text)
    .text                                    0x000003b0   Section        0  cmpret.o(.text)
    .text                                    0x000003e0   Section        0  dnan2.o(.text)
    .text                                    0x000003f4   Section        8  libspace.o(.text)
    .text                                    0x000003fc   Section        2  use_no_semi.o(.text)
    .text                                    0x000003fe   Section        0  indicate_semi.o(.text)
    x$fpl$usenofp                            0x000003fe   Section        0  usenofp.o(x$fpl$usenofp)
    .ARM.__at_0x400                          0x00000400   Section       16  startup_mkl25z4.o(.ARM.__at_0x400)
    .text                                    0x00000410   Section      346  aeabi_sdiv.o(.text)
    .text                                    0x0000056c   Section        0  ddiv.o(.text)
    .text                                    0x000009b4   Section        0  dflti.o(.text)
    .text                                    0x00000a0c   Section        0  dmul.o(.text)
    .text                                    0x00000c54   Section        0  f2d.o(.text)
    .text                                    0x00000ca8   Section        0  dcmpin.o(.text)
    .text                                    0x00000d38   Section        0  fcmpin.o(.text)
    .text                                    0x00000d9c   Section        0  fnan2.o(.text)
    .text                                    0x00000dac   Section       62  sys_stackheap_outer.o(.text)
    .text                                    0x00000dea   Section        0  exit.o(.text)
    .text                                    0x00000dfa   Section        0  retnan.o(.text)
    .text                                    0x00000e58   Section        0  sys_exit.o(.text)
    .text                                    0x00000e64   Section        0  __dczerorl.o(.text)
    [Anonymous Symbol]                       0x00000e9e   Section        0  rtx_evflags.o(.text.EventFlagsCheck)
    EventFlagsCheck                          0x00000e9f   Thumb Code    82  rtx_evflags.o(.text.EventFlagsCheck)
    [Anonymous Symbol]                       0x00000ef0   Section        0  rtx_msgqueue.o(.text.MessageQueueGet)
    MessageQueueGet                          0x00000ef1   Thumb Code    76  rtx_msgqueue.o(.text.MessageQueueGet)
    [Anonymous Symbol]                       0x00000f3c   Section        0  rtx_msgqueue.o(.text.MessageQueuePut)
    MessageQueuePut                          0x00000f3d   Thumb Code    96  rtx_msgqueue.o(.text.MessageQueuePut)
    [Anonymous Symbol]                       0x00000f9c   Section        0  rtx_msgqueue.o(.text.MessageQueueRemove)
    MessageQueueRemove                       0x00000f9d   Thumb Code    40  rtx_msgqueue.o(.text.MessageQueueRemove)
    [Anonymous Symbol]                       0x00000fc4   Section        0  os_systick.o(.text.OS_Tick_AcknowledgeIRQ)
    __arm_cp.3_0                             0x00000fcc   Number         4  os_systick.o(.text.OS_Tick_AcknowledgeIRQ)
    [Anonymous Symbol]                       0x00000fd0   Section        0  os_systick.o(.text.OS_Tick_Enable)
    __arm_cp.1_0                             0x00000ff0   Number         4  os_systick.o(.text.OS_Tick_Enable)
    __arm_cp.1_1                             0x00000ff4   Number         4  os_systick.o(.text.OS_Tick_Enable)
    __arm_cp.1_2                             0x00000ff8   Number         4  os_systick.o(.text.OS_Tick_Enable)
    [Anonymous Symbol]                       0x00000ffc   Section        0  os_systick.o(.text.OS_Tick_GetIRQn)
    [Anonymous Symbol]                       0x00001004   Section        0  os_systick.o(.text.OS_Tick_Setup)
    __arm_cp.0_0                             0x00001040   Number         4  os_systick.o(.text.OS_Tick_Setup)
    __arm_cp.0_1                             0x00001044   Number         4  os_systick.o(.text.OS_Tick_Setup)
    __arm_cp.0_2                             0x00001048   Number         4  os_systick.o(.text.OS_Tick_Setup)
    __arm_cp.0_3                             0x0000104c   Number         4  os_systick.o(.text.OS_Tick_Setup)
    [Anonymous Symbol]                       0x00001050   Section        0  rtx_thread.o(.text.ThreadFlagsCheck)
    ThreadFlagsCheck                         0x00001051   Thumb Code    82  rtx_thread.o(.text.ThreadFlagsCheck)
    [Anonymous Symbol]                       0x000010a4   Section        0  rtx_timer.o(.text.TimerInsert)
    TimerInsert                              0x000010a5   Thumb Code    76  rtx_timer.o(.text.TimerInsert)
    __arm_cp.8_0                             0x000010ec   Number         4  rtx_timer.o(.text.TimerInsert)
    [Anonymous Symbol]                       0x000010f0   Section        0  rtx_delay.o(.text.osDelay)
    __arm_cp.0_0                             0x00001114   Number         4  rtx_delay.o(.text.osDelay)
    [Anonymous Symbol]                       0x00001118   Section        0  rtx_evflags.o(.text.osEventFlagsNew)
    __arm_cp.0_0                             0x00001138   Number         4  rtx_evflags.o(.text.osEventFlagsNew)
    [Anonymous Symbol]                       0x0000113c   Section        0  rtx_evflags.o(.text.osEventFlagsSet)
    __arm_cp.2_0                             0x00001190   Number         4  rtx_evflags.o(.text.osEventFlagsSet)
    [Anonymous Symbol]                       0x00001194   Section        0  rtx_evflags.o(.text.osEventFlagsWait)
    __arm_cp.7_0                             0x000011e0   Number         4  rtx_evflags.o(.text.osEventFlagsWait)
    [Anonymous Symbol]                       0x000011e4   Section        0  rtx_kernel.o(.text.osKernelGetState)
    __arm_cp.3_0                             0x0000120c   Number         4  rtx_kernel.o(.text.osKernelGetState)
    __arm_cp.3_1                             0x00001210   Number         4  rtx_kernel.o(.text.osKernelGetState)
    [Anonymous Symbol]                       0x00001214   Section        0  rtx_kernel.o(.text.osKernelInitialize)
    __arm_cp.0_0                             0x00001234   Number         4  rtx_kernel.o(.text.osKernelInitialize)
    [Anonymous Symbol]                       0x00001238   Section        0  rtx_kernel.o(.text.osKernelStart)
    __arm_cp.5_0                             0x00001258   Number         4  rtx_kernel.o(.text.osKernelStart)
    [Anonymous Symbol]                       0x0000125c   Section        0  rtx_msgqueue.o(.text.osMessageQueueGet)
    __arm_cp.3_0                             0x000012d0   Number         4  rtx_msgqueue.o(.text.osMessageQueueGet)
    [Anonymous Symbol]                       0x000012d4   Section        0  rtx_msgqueue.o(.text.osMessageQueueNew)
    __arm_cp.0_0                             0x000012f4   Number         4  rtx_msgqueue.o(.text.osMessageQueueNew)
    [Anonymous Symbol]                       0x000012f8   Section        0  rtx_msgqueue.o(.text.osMessageQueuePut)
    __arm_cp.2_0                             0x00001374   Number         4  rtx_msgqueue.o(.text.osMessageQueuePut)
    [Anonymous Symbol]                       0x00001378   Section        0  rtx_mutex.o(.text.osMutexAcquire)
    __arm_cp.3_0                             0x0000139c   Number         4  rtx_mutex.o(.text.osMutexAcquire)
    [Anonymous Symbol]                       0x000013a0   Section        0  rtx_mutex.o(.text.osMutexDelete)
    __arm_cp.6_0                             0x000013c4   Number         4  rtx_mutex.o(.text.osMutexDelete)
    [Anonymous Symbol]                       0x000013c8   Section        0  rtx_mutex.o(.text.osMutexNew)
    __arm_cp.1_0                             0x000013e8   Number         4  rtx_mutex.o(.text.osMutexNew)
    [Anonymous Symbol]                       0x000013ec   Section        0  rtx_mutex.o(.text.osMutexRelease)
    __arm_cp.4_0                             0x00001410   Number         4  rtx_mutex.o(.text.osMutexRelease)
    [Anonymous Symbol]                       0x00001414   Section        0  rtx_evflags.o(.text.osRtxEventFlagsPostProcess)
    osRtxEventFlagsPostProcess               0x00001415   Thumb Code    58  rtx_evflags.o(.text.osRtxEventFlagsPostProcess)
    [Anonymous Symbol]                       0x0000144e   Section        0  rtx_memory.o(.text.osRtxMemoryAlloc)
    [Anonymous Symbol]                       0x000014ca   Section        0  rtx_memory.o(.text.osRtxMemoryFree)
    [Anonymous Symbol]                       0x00001518   Section        0  rtx_memory.o(.text.osRtxMemoryInit)
    [Anonymous Symbol]                       0x00001552   Section        0  rtx_mempool.o(.text.osRtxMemoryPoolAlloc)
    [Anonymous Symbol]                       0x0000158a   Section        0  rtx_mempool.o(.text.osRtxMemoryPoolFree)
    [Anonymous Symbol]                       0x000015ca   Section        0  rtx_mempool.o(.text.osRtxMemoryPoolInit)
    [Anonymous Symbol]                       0x0000160e   Section        0  rtx_msgqueue.o(.text.osRtxMessageQueuePostProcess)
    osRtxMessageQueuePostProcess             0x0000160f   Thumb Code   222  rtx_msgqueue.o(.text.osRtxMessageQueuePostProcess)
    [Anonymous Symbol]                       0x000016ec   Section        0  rtx_mutex.o(.text.osRtxMutexOwnerRelease)
    [Anonymous Symbol]                       0x0000172c   Section        0  rtx_system.o(.text.osRtxPendSV_Handler)
    __arm_cp.1_0                             0x000017b0   Number         4  rtx_system.o(.text.osRtxPendSV_Handler)
    [Anonymous Symbol]                       0x000017b4   Section        0  rtx_system.o(.text.osRtxPostProcess)
    __arm_cp.2_0                             0x00001818   Number         4  rtx_system.o(.text.osRtxPostProcess)
    __arm_cp.2_1                             0x0000181c   Number         4  rtx_system.o(.text.osRtxPostProcess)
    [Anonymous Symbol]                       0x00001820   Section        0  rtx_thread.o(.text.osRtxThreadBlock)
    osRtxThreadBlock                         0x00001821   Thumb Code    60  rtx_thread.o(.text.osRtxThreadBlock)
    __arm_cp.10_0                            0x00001858   Number         4  rtx_thread.o(.text.osRtxThreadBlock)
    [Anonymous Symbol]                       0x0000185c   Section        0  rtx_thread.o(.text.osRtxThreadDelayInsert)
    osRtxThreadDelayInsert                   0x0000185d   Thumb Code   140  rtx_thread.o(.text.osRtxThreadDelayInsert)
    __arm_cp.14_0                            0x000018e4   Number         4  rtx_thread.o(.text.osRtxThreadDelayInsert)
    [Anonymous Symbol]                       0x000018e8   Section        0  rtx_thread.o(.text.osRtxThreadDelayRemove)
    osRtxThreadDelayRemove                   0x000018e9   Thumb Code    96  rtx_thread.o(.text.osRtxThreadDelayRemove)
    __arm_cp.12_0                            0x00001944   Number         4  rtx_thread.o(.text.osRtxThreadDelayRemove)
    [Anonymous Symbol]                       0x00001948   Section        0  rtx_thread.o(.text.osRtxThreadDelayTick)
    __arm_cp.5_0                             0x00001980   Number         4  rtx_thread.o(.text.osRtxThreadDelayTick)
    [Anonymous Symbol]                       0x00001984   Section        0  rtx_thread.o(.text.osRtxThreadDispatch)
    __arm_cp.9_0                             0x000019d8   Number         4  rtx_thread.o(.text.osRtxThreadDispatch)
    [Anonymous Symbol]                       0x000019dc   Section        0  rtx_thread.o(.text.osRtxThreadFree)
    osRtxThreadFree                          0x000019dd   Thumb Code    84  rtx_thread.o(.text.osRtxThreadFree)
    __arm_cp.52_0                            0x00001a2c   Number         4  rtx_thread.o(.text.osRtxThreadFree)
    [Anonymous Symbol]                       0x00001a30   Section        0  rtx_thread.o(.text.osRtxThreadListGet)
    [Anonymous Symbol]                       0x00001a48   Section        0  rtx_thread.o(.text.osRtxThreadListPut)
    [Anonymous Symbol]                       0x00001a82   Section        0  rtx_thread.o(.text.osRtxThreadListRemove)
    [Anonymous Symbol]                       0x00001a9a   Section        0  rtx_thread.o(.text.osRtxThreadListSort)
    [Anonymous Symbol]                       0x00001ac0   Section        0  rtx_thread.o(.text.osRtxThreadPostProcess)
    osRtxThreadPostProcess                   0x00001ac1   Thumb Code    38  rtx_thread.o(.text.osRtxThreadPostProcess)
    [Anonymous Symbol]                       0x00001ae8   Section        0  rtx_thread.o(.text.osRtxThreadReadyPut)
    __arm_cp.4_0                             0x00001afc   Number         4  rtx_thread.o(.text.osRtxThreadReadyPut)
    [Anonymous Symbol]                       0x00001b00   Section        0  rtx_thread.o(.text.osRtxThreadRegPtr)
    [Anonymous Symbol]                       0x00001b08   Section        0  rtx_thread.o(.text.osRtxThreadStackCheck)
    __arm_cp.8_0                             0x00001b2c   Number         4  rtx_thread.o(.text.osRtxThreadStackCheck)
    __arm_cp.8_1                             0x00001b30   Number         4  rtx_thread.o(.text.osRtxThreadStackCheck)
    [Anonymous Symbol]                       0x00001b34   Section        0  rtx_thread.o(.text.osRtxThreadStartup)
    __arm_cp.15_0                            0x00001b80   Number         4  rtx_thread.o(.text.osRtxThreadStartup)
    __arm_cp.15_1                            0x00001b84   Number         4  rtx_thread.o(.text.osRtxThreadStartup)
    __arm_cp.15_2                            0x00001b88   Number         4  rtx_thread.o(.text.osRtxThreadStartup)
    __arm_cp.15_3                            0x00001b8c   Number         4  rtx_thread.o(.text.osRtxThreadStartup)
    [Anonymous Symbol]                       0x00001b90   Section        0  rtx_thread.o(.text.osRtxThreadSwitch)
    __arm_cp.7_0                             0x00001ba0   Number         4  rtx_thread.o(.text.osRtxThreadSwitch)
    [Anonymous Symbol]                       0x00001ba4   Section        0  rtx_thread.o(.text.osRtxThreadWaitEnter)
    __arm_cp.13_0                            0x00001bd8   Number         4  rtx_thread.o(.text.osRtxThreadWaitEnter)
    [Anonymous Symbol]                       0x00001bdc   Section        0  rtx_thread.o(.text.osRtxThreadWaitExit)
    [Anonymous Symbol]                       0x00001c00   Section        0  rtx_system.o(.text.osRtxTick_Handler)
    __arm_cp.0_0                             0x00001c70   Number         4  rtx_system.o(.text.osRtxTick_Handler)
    [Anonymous Symbol]                       0x00001c74   Section        0  rtx_timer.o(.text.osRtxTimerThread)
    __arm_cp.0_0                             0x00001ca8   Number         4  rtx_timer.o(.text.osRtxTimerThread)
    __arm_cp.0_1                             0x00001cac   Number         4  rtx_timer.o(.text.osRtxTimerThread)
    __arm_cp.0_2                             0x00001cb0   Number         4  rtx_timer.o(.text.osRtxTimerThread)
    [Anonymous Symbol]                       0x00001cb4   Section        0  rtx_timer.o(.text.osRtxTimerTick)
    osRtxTimerTick                           0x00001cb5   Thumb Code    96  rtx_timer.o(.text.osRtxTimerTick)
    __arm_cp.1_0                             0x00001d10   Number         4  rtx_timer.o(.text.osRtxTimerTick)
    [Anonymous Symbol]                       0x00001d14   Section        0  rtx_thread.o(.text.osThreadExit)
    __arm_cp.30_0                            0x00001d1c   Number         4  rtx_thread.o(.text.osThreadExit)
    [Anonymous Symbol]                       0x00001d20   Section        0  rtx_thread.o(.text.osThreadNew)
    __arm_cp.17_0                            0x00001d40   Number         4  rtx_thread.o(.text.osThreadNew)
    [Anonymous Symbol]                       0x00001d44   Section        0  rtx_delay.o(.text.svcRtxDelay)
    svcRtxDelay                              0x00001d45   Thumb Code    18  rtx_delay.o(.text.svcRtxDelay)
    [Anonymous Symbol]                       0x00001d58   Section        0  rtx_evflags.o(.text.svcRtxEventFlagsNew)
    svcRtxEventFlagsNew                      0x00001d59   Thumb Code   116  rtx_evflags.o(.text.svcRtxEventFlagsNew)
    __arm_cp.9_0                             0x00001dc4   Number         4  rtx_evflags.o(.text.svcRtxEventFlagsNew)
    __arm_cp.9_1                             0x00001dc8   Number         4  rtx_evflags.o(.text.svcRtxEventFlagsNew)
    [Anonymous Symbol]                       0x00001dcc   Section        0  rtx_evflags.o(.text.svcRtxEventFlagsSet)
    svcRtxEventFlagsSet                      0x00001dcd   Thumb Code   144  rtx_evflags.o(.text.svcRtxEventFlagsSet)
    [Anonymous Symbol]                       0x00001e5c   Section        0  rtx_evflags.o(.text.svcRtxEventFlagsWait)
    svcRtxEventFlagsWait                     0x00001e5d   Thumb Code   120  rtx_evflags.o(.text.svcRtxEventFlagsWait)
    __arm_cp.14_0                            0x00001ed0   Number         4  rtx_evflags.o(.text.svcRtxEventFlagsWait)
    [Anonymous Symbol]                       0x00001ed4   Section        0  rtx_kernel.o(.text.svcRtxKernelGetState)
    svcRtxKernelGetState                     0x00001ed5   Thumb Code    12  rtx_kernel.o(.text.svcRtxKernelGetState)
    __arm_cp.4_0                             0x00001edc   Number         4  rtx_kernel.o(.text.svcRtxKernelGetState)
    [Anonymous Symbol]                       0x00001ee0   Section        0  rtx_kernel.o(.text.svcRtxKernelInitialize)
    svcRtxKernelInitialize                   0x00001ee1   Thumb Code   380  rtx_kernel.o(.text.svcRtxKernelInitialize)
    __arm_cp.19_0                            0x00002050   Number         4  rtx_kernel.o(.text.svcRtxKernelInitialize)
    __arm_cp.19_1                            0x00002054   Number         4  rtx_kernel.o(.text.svcRtxKernelInitialize)
    __arm_cp.19_2                            0x00002058   Number         4  rtx_kernel.o(.text.svcRtxKernelInitialize)
    [Anonymous Symbol]                       0x0000205c   Section        0  rtx_kernel.o(.text.svcRtxKernelStart)
    svcRtxKernelStart                        0x0000205d   Thumb Code   136  rtx_kernel.o(.text.svcRtxKernelStart)
    __arm_cp.20_0                            0x000020d4   Number         4  rtx_kernel.o(.text.svcRtxKernelStart)
    __arm_cp.20_1                            0x000020d8   Number         4  rtx_kernel.o(.text.svcRtxKernelStart)
    __arm_cp.20_2                            0x000020dc   Number         4  rtx_kernel.o(.text.svcRtxKernelStart)
    __arm_cp.20_3                            0x000020e0   Number         4  rtx_kernel.o(.text.svcRtxKernelStart)
    [Anonymous Symbol]                       0x000020e4   Section        0  rtx_msgqueue.o(.text.svcRtxMessageQueueGet)
    svcRtxMessageQueueGet                    0x000020e5   Thumb Code   240  rtx_msgqueue.o(.text.svcRtxMessageQueueGet)
    __arm_cp.21_0                            0x000021d0   Number         4  rtx_msgqueue.o(.text.svcRtxMessageQueueGet)
    [Anonymous Symbol]                       0x000021d4   Section        0  rtx_msgqueue.o(.text.svcRtxMessageQueueNew)
    svcRtxMessageQueueNew                    0x000021d5   Thumb Code   468  rtx_msgqueue.o(.text.svcRtxMessageQueueNew)
    __arm_cp.14_0                            0x00002390   Number         4  rtx_msgqueue.o(.text.svcRtxMessageQueueNew)
    __arm_cp.14_1                            0x00002394   Number         4  rtx_msgqueue.o(.text.svcRtxMessageQueueNew)
    __arm_cp.14_2                            0x00002398   Number         4  rtx_msgqueue.o(.text.svcRtxMessageQueueNew)
    __arm_cp.14_3                            0x0000239c   Number         4  rtx_msgqueue.o(.text.svcRtxMessageQueueNew)
    __arm_cp.14_4                            0x000023a0   Number         4  rtx_msgqueue.o(.text.svcRtxMessageQueueNew)
    __arm_cp.14_5                            0x000023a4   Number         4  rtx_msgqueue.o(.text.svcRtxMessageQueueNew)
    [Anonymous Symbol]                       0x000023a8   Section        0  rtx_msgqueue.o(.text.svcRtxMessageQueuePut)
    svcRtxMessageQueuePut                    0x000023a9   Thumb Code   208  rtx_msgqueue.o(.text.svcRtxMessageQueuePut)
    __arm_cp.19_0                            0x00002474   Number         4  rtx_msgqueue.o(.text.svcRtxMessageQueuePut)
    [Anonymous Symbol]                       0x00002478   Section        0  rtx_mutex.o(.text.svcRtxMutexAcquire)
    svcRtxMutexAcquire                       0x00002479   Thumb Code   160  rtx_mutex.o(.text.svcRtxMutexAcquire)
    __arm_cp.9_0                             0x00002514   Number         4  rtx_mutex.o(.text.svcRtxMutexAcquire)
    [Anonymous Symbol]                       0x00002518   Section        0  rtx_mutex.o(.text.svcRtxMutexDelete)
    svcRtxMutexDelete                        0x00002519   Thumb Code   208  rtx_mutex.o(.text.svcRtxMutexDelete)
    __arm_cp.12_0                            0x000025e4   Number         4  rtx_mutex.o(.text.svcRtxMutexDelete)
    [Anonymous Symbol]                       0x000025e8   Section        0  rtx_mutex.o(.text.svcRtxMutexNew)
    svcRtxMutexNew                           0x000025e9   Thumb Code   120  rtx_mutex.o(.text.svcRtxMutexNew)
    __arm_cp.7_0                             0x0000265c   Number         4  rtx_mutex.o(.text.svcRtxMutexNew)
    [Anonymous Symbol]                       0x00002660   Section        0  rtx_mutex.o(.text.svcRtxMutexRelease)
    svcRtxMutexRelease                       0x00002661   Thumb Code   192  rtx_mutex.o(.text.svcRtxMutexRelease)
    __arm_cp.10_0                            0x0000271c   Number         4  rtx_mutex.o(.text.svcRtxMutexRelease)
    [Anonymous Symbol]                       0x00002720   Section        0  rtx_thread.o(.text.svcRtxThreadExit)
    svcRtxThreadExit                         0x00002721   Thumb Code   108  rtx_thread.o(.text.svcRtxThreadExit)
    __arm_cp.54_0                            0x00002788   Number         4  rtx_thread.o(.text.svcRtxThreadExit)
    [Anonymous Symbol]                       0x0000278c   Section        0  rtx_thread.o(.text.svcRtxThreadNew)
    svcRtxThreadNew                          0x0000278d   Thumb Code   512  rtx_thread.o(.text.svcRtxThreadNew)
    __arm_cp.16_0                            0x00002974   Number         4  rtx_thread.o(.text.svcRtxThreadNew)
    __arm_cp.16_1                            0x00002978   Number         4  rtx_thread.o(.text.svcRtxThreadNew)
    __arm_cp.16_2                            0x0000297c   Number         4  rtx_thread.o(.text.svcRtxThreadNew)
    __arm_cp.16_3                            0x00002980   Number         4  rtx_thread.o(.text.svcRtxThreadNew)
    __arm_cp.16_4                            0x00002984   Number         4  rtx_thread.o(.text.svcRtxThreadNew)
    __arm_cp.16_5                            0x00002988   Number         4  rtx_thread.o(.text.svcRtxThreadNew)
    i.ADC_Cal                                0x0000298c   Section        0  adc.o(i.ADC_Cal)
    i.Init_ADC                               0x00002a3c   Section        0  adc.o(i.Init_ADC)
    i.MeasureVoltage                         0x00002a60   Section        0  adc.o(i.MeasureVoltage)
    i.PIT_IRQHandler                         0x00002a88   Section        0  pit.o(i.PIT_IRQHandler)
    i.SystemCoreClockUpdate                  0x00002ac0   Section        0  system_mkl25z4.o(i.SystemCoreClockUpdate)
    i.SystemInit                             0x00002c50   Section        0  system_mkl25z4.o(i.SystemInit)
    i.__ARM_common_switch8                   0x00002c5c   Section        0  rtx_config.o(i.__ARM_common_switch8)
    i.__NVIC_ClearPendingIRQ                 0x00002c78   Section        0  pit.o(i.__NVIC_ClearPendingIRQ)
    __NVIC_ClearPendingIRQ                   0x00002c79   Thumb Code    18  pit.o(i.__NVIC_ClearPendingIRQ)
    i.__NVIC_SetPriority                     0x00002c90   Section        0  pit.o(i.__NVIC_SetPriority)
    __NVIC_SetPriority                       0x00002c91   Thumb Code   110  pit.o(i.__NVIC_SetPriority)
    i._mutex_acquire                         0x00002d08   Section        0  rtx_lib.o(i._mutex_acquire)
    __tagsym$$used                           0x00002d09   Number         0  rtx_lib.o(i._mutex_acquire)
    i._mutex_free                            0x00002d20   Section        0  rtx_lib.o(i._mutex_free)
    __tagsym$$used                           0x00002d21   Number         0  rtx_lib.o(i._mutex_free)
    i._mutex_initialize                      0x00002d2c   Section        0  rtx_lib.o(i._mutex_initialize)
    __tagsym$$used                           0x00002d2d   Number         0  rtx_lib.o(i._mutex_initialize)
    i._mutex_release                         0x00002d50   Section        0  rtx_lib.o(i._mutex_release)
    __tagsym$$used                           0x00002d51   Number         0  rtx_lib.o(i._mutex_release)
    i._platform_post_stackheap_init          0x00002d64   Section        0  rtx_lib.o(i._platform_post_stackheap_init)
    i.audioToggle                            0x00002d6c   Section        0  gpio.o(i.audioToggle)
    i.blueLEDOnOff                           0x00002d78   Section        0  gpio.o(i.blueLEDOnOff)
    i.buttonTask                             0x00002d90   Section        0  main.o(i.buttonTask)
    i.configureGPIOinput                     0x00002df4   Section        0  gpio.o(i.configureGPIOinput)
    i.configureGPIOoutput                    0x00002e8c   Section        0  gpio.o(i.configureGPIOoutput)
    i.configurePIT                           0x00002f10   Section        0  pit.o(i.configurePIT)
    i.configureTPM0forPWM                    0x00002f80   Section        0  tpm_pwm.o(i.configureTPM0forPWM)
    i.infraLEDOnOff                          0x00003020   Section        0  gpio.o(i.infraLEDOnOff)
    i.initial_sound_off                      0x0000303c   Section        0  main.o(i.initial_sound_off)
    i.initial_sound_on                       0x00003078   Section        0  main.o(i.initial_sound_on)
    i.isPressed                              0x000030b4   Section        0  gpio.o(i.isPressed)
    i.main                                   0x000030cc   Section        0  main.o(i.main)
    i.osRtxErrorNotify                       0x00003184   Section        0  rtx_config.o(i.osRtxErrorNotify)
    i.osRtxIdleThread                        0x000031a4   Section        0  rtx_config.o(i.osRtxIdleThread)
    i.os_kernel_is_active                    0x000031a8   Section        0  rtx_lib.o(i.os_kernel_is_active)
    os_kernel_is_active                      0x000031a9   Thumb Code    30  rtx_lib.o(i.os_kernel_is_active)
    i.playtone                               0x000031cc   Section        0  main.o(i.playtone)
    i.setPWMDuty                             0x000031f0   Section        0  tpm_pwm.o(i.setPWMDuty)
    i.setTimer                               0x00003204   Section        0  pit.o(i.setTimer)
    i.startTimer                             0x00003210   Section        0  pit.o(i.startTimer)
    i.stopTimer                              0x0000322c   Section        0  pit.o(i.stopTimer)
    i.toneTask                               0x00003248   Section        0  main.o(i.toneTask)
    i.voltage_range                          0x0000330c   Section        0  main.o(i.voltage_range)
    x$fpl$dleqf                              0x00003458   Section      100  dlef.o(x$fpl$dleqf)
    x$fpl$drleqf                             0x000034bc   Section      104  drlef.o(x$fpl$drleqf)
    x$fpl$fleqf                              0x00003524   Section       84  flef.o(x$fpl$fleqf)
    x$fpl$frleqf                             0x00003578   Section       88  frlef.o(x$fpl$frleqf)
    .constdata                               0x000035d0   Section      100  main.o(.constdata)
    .constdata                               0x00003634   Section      100  rtx_lib.o(.constdata)
    os_idle_thread_attr                      0x00003634   Data          36  rtx_lib.o(.constdata)
    os_timer_thread_attr                     0x00003658   Data          36  rtx_lib.o(.constdata)
    os_timer_mq_attr                         0x0000367c   Data          24  rtx_lib.o(.constdata)
    .constdata                               0x00003698   Section        1  irq_cm0.o(.constdata)
    .constdata                               0x00003699   Section      128  ddiv.o(.constdata)
    ddiv_reciptbl                            0x00003699   Data         128  ddiv.o(.constdata)
    .rodata                                  0x0000371c   Section      104  rtx_lib.o(.rodata)
    __tagsym$$used                           0x0000371c   Number         0  rtx_lib.o(.rodata)
    [Anonymous Symbol]                       0x00003784   Section        0  rtx_kernel.o(.rodata.str1.4)
    .L.str                                   0x00003784   Data          11  rtx_kernel.o(.rodata.str1.4)
    .bss.os                                  0x1ffff000   Section     4160  rtx_lib.o(.bss.os)
    os_mem                                   0x1ffff000   Data        4096  rtx_lib.o(.bss.os)
    os_isr_queue                             0x20000000   Data          64  rtx_lib.o(.bss.os)
    .bss.os.msgqueue.cb                      0x20000040   Section       52  rtx_lib.o(.bss.os.msgqueue.cb)
    os_timer_mq_cb                           0x20000040   Data          52  rtx_lib.o(.bss.os.msgqueue.cb)
    .bss.os.msgqueue.mem                     0x20000074   Section       80  rtx_lib.o(.bss.os.msgqueue.mem)
    os_timer_mq_data                         0x20000074   Data          80  rtx_lib.o(.bss.os.msgqueue.mem)
    .bss.os.thread.cb                        0x200000c4   Section      136  rtx_lib.o(.bss.os.thread.cb)
    os_idle_thread_cb                        0x200000c4   Data          68  rtx_lib.o(.bss.os.thread.cb)
    os_timer_thread_cb                       0x20000108   Data          68  rtx_lib.o(.bss.os.thread.cb)
    .bss.os.thread.stack                     0x20000150   Section      512  rtx_lib.o(.bss.os.thread.stack)
    os_idle_thread_stack                     0x20000150   Data         256  rtx_lib.o(.bss.os.thread.stack)
    os_timer_thread_stack                    0x20000250   Data         256  rtx_lib.o(.bss.os.thread.stack)
    .data                                    0x20000350   Section       25  main.o(.data)
    .data                                    0x2000036a   Section        4  adc.o(.data)
    .data                                    0x20000370   Section        5  rtx_lib.o(.data)
    os_kernel_active                         0x20000374   Data           1  rtx_lib.o(.data)
    .data                                    0x20000378   Section        4  system_mkl25z4.o(.data)
    .bss                                     0x20000420   Section       96  libspace.o(.bss)
    [Anonymous Symbol]                       0x20000480   Section        0  os_systick.o(.bss.PendST)
    PendST                                   0x20000480   Data           1  os_systick.o(.bss.PendST)
    HEAP                                     0x20000488   Section        0  startup_mkl25z4.o(HEAP)
    STACK                                    0x20000488   Section      256  startup_mkl25z4.o(STACK)
    Heap_Mem                                 0x20000488   Data           0  startup_mkl25z4.o(HEAP)
    Stack_Mem                                0x20000488   Data         256  startup_mkl25z4.o(STACK)
    __initial_sp                             0x20000588   Data           0  startup_mkl25z4.o(STACK)

    Global Symbols

    Symbol Name                              Value     Ov Type        Size  Object(Section)

    BuildAttributes$$THM_ISAv3M$S$PE$A:L22$X:L11$S22$IEEE1$IW$~IW$USESV6$~STKCKD$USESV7$~SHL$OSPACE$ROPI$EBA8$UX$STANDARDLIB$REQ8$PRES8$EABIv2 0x00000000   Number         0  anon$$obj.o ABSOLUTE
    __ARM_use_no_argv                        0x00000000   Number         0  main.o ABSOLUTE
    __Vectors                                0x00000000   Data           4  startup_mkl25z4.o(RESET)
    .bss.os.evflags.cb$$Base                  - Undefined Weak Reference
    .bss.os.evflags.cb$$Limit                 - Undefined Weak Reference
    .bss.os.mempool.cb$$Base                  - Undefined Weak Reference
    .bss.os.mempool.cb$$Limit                 - Undefined Weak Reference
    .bss.os.mutex.cb$$Base                    - Undefined Weak Reference
    .bss.os.mutex.cb$$Limit                   - Undefined Weak Reference
    .bss.os.semaphore.cb$$Base                - Undefined Weak Reference
    .bss.os.semaphore.cb$$Limit               - Undefined Weak Reference
    .bss.os.timer.cb$$Base                    - Undefined Weak Reference
    .bss.os.timer.cb$$Limit                   - Undefined Weak Reference
    __ARM_exceptions_init                     - Undefined Weak Reference
    __alloca_initialize                       - Undefined Weak Reference
    __arm_preinit_                            - Undefined Weak Reference
    __cpp_initialize__aeabi_                  - Undefined Weak Reference
    __cxa_finalize                            - Undefined Weak Reference
    __rt_locale                               - Undefined Weak Reference
    __sigvec_lookup                           - Undefined Weak Reference
    _atexit_init                              - Undefined Weak Reference
    _call_atexit_fns                          - Undefined Weak Reference
    _clock_init                               - Undefined Weak Reference
    _fp_trap_init                             - Undefined Weak Reference
    _fp_trap_shutdown                         - Undefined Weak Reference
    _get_lc_collate                           - Undefined Weak Reference
    _get_lc_ctype                             - Undefined Weak Reference
    _get_lc_monetary                          - Undefined Weak Reference
    _get_lc_numeric                           - Undefined Weak Reference
    _get_lc_time                              - Undefined Weak Reference
    _getenv_init                              - Undefined Weak Reference
    _handle_redirection                       - Undefined Weak Reference
    _init_alloc                               - Undefined Weak Reference
    _init_user_alloc                          - Undefined Weak Reference
    _initio                                   - Undefined Weak Reference
    _rand_init                                - Undefined Weak Reference
    _signal_finish                            - Undefined Weak Reference
    _signal_init                              - Undefined Weak Reference
    _terminate_alloc                          - Undefined Weak Reference
    _terminate_user_alloc                     - Undefined Weak Reference
    _terminateio                              - Undefined Weak Reference
    __Vectors_End                            0x000000c0   Data           0  startup_mkl25z4.o(RESET)
    __Vectors_Size                           0x000000c0   Number         0  startup_mkl25z4.o ABSOLUTE
    __main                                   0x000000c1   Thumb Code     8  __main.o(!!!main)
    __scatterload                            0x000000c9   Thumb Code     0  __scatter.o(!!!scatter)
    __scatterload_rt2                        0x000000c9   Thumb Code    52  __scatter.o(!!!scatter)
    __scatterload_rt2_thumb_only             0x000000c9   Thumb Code     0  __scatter.o(!!!scatter)
    __scatterload_null                       0x000000d9   Thumb Code     0  __scatter.o(!!!scatter)
    __scatterload_zeroinit                   0x00000105   Thumb Code    28  __scatter_zi.o(!!handler_zi)
    __rt_lib_init                            0x00000121   Thumb Code     0  libinit.o(.ARM.Collect$$libinit$$00000000)
    __rt_lib_init_alloca_1                   0x00000123   Thumb Code     0  libinit2.o(.ARM.Collect$$libinit$$0000002E)
    __rt_lib_init_argv_1                     0x00000123   Thumb Code     0  libinit2.o(.ARM.Collect$$libinit$$0000002C)
    __rt_lib_init_atexit_1                   0x00000123   Thumb Code     0  libinit2.o(.ARM.Collect$$libinit$$0000001B)
    __rt_lib_init_clock_1                    0x00000123   Thumb Code     0  libinit2.o(.ARM.Collect$$libinit$$00000021)
    __rt_lib_init_cpp_1                      0x00000123   Thumb Code     0  libinit2.o(.ARM.Collect$$libinit$$00000032)
    __rt_lib_init_exceptions_1               0x00000123   Thumb Code     0  libinit2.o(.ARM.Collect$$libinit$$00000030)
    __rt_lib_init_fp_1                       0x00000123   Thumb Code     0  libinit2.o(.ARM.Collect$$libinit$$00000002)
    __rt_lib_init_fp_trap_1                  0x00000123   Thumb Code     0  libinit2.o(.ARM.Collect$$libinit$$0000001F)
    __rt_lib_init_getenv_1                   0x00000123   Thumb Code     0  libinit2.o(.ARM.Collect$$libinit$$00000023)
    __rt_lib_init_heap_1                     0x00000123   Thumb Code     0  libinit2.o(.ARM.Collect$$libinit$$0000000A)
    __rt_lib_init_lc_collate_1               0x00000123   Thumb Code     0  libinit2.o(.ARM.Collect$$libinit$$00000011)
    __rt_lib_init_lc_ctype_1                 0x00000123   Thumb Code     0  libinit2.o(.ARM.Collect$$libinit$$00000013)
    __rt_lib_init_lc_monetary_1              0x00000123   Thumb Code     0  libinit2.o(.ARM.Collect$$libinit$$00000015)
    __rt_lib_init_lc_numeric_1               0x00000123   Thumb Code     0  libinit2.o(.ARM.Collect$$libinit$$00000017)
    __rt_lib_init_lc_time_1                  0x00000123   Thumb Code     0  libinit2.o(.ARM.Collect$$libinit$$00000019)
    __rt_lib_init_preinit_1                  0x00000123   Thumb Code     0  libinit2.o(.ARM.Collect$$libinit$$00000004)
    __rt_lib_init_rand_1                     0x00000123   Thumb Code     0  libinit2.o(.ARM.Collect$$libinit$$0000000E)
    __rt_lib_init_return                     0x00000123   Thumb Code     0  libinit2.o(.ARM.Collect$$libinit$$00000033)
    __rt_lib_init_signal_1                   0x00000123   Thumb Code     0  libinit2.o(.ARM.Collect$$libinit$$0000001D)
    __rt_lib_init_stdio_1                    0x00000123   Thumb Code     0  libinit2.o(.ARM.Collect$$libinit$$00000025)
    __rt_lib_init_user_alloc_1               0x00000123   Thumb Code     0  libinit2.o(.ARM.Collect$$libinit$$0000000C)
    __rt_lib_shutdown                        0x00000125   Thumb Code     0  libshutdown.o(.ARM.Collect$$libshutdown$$00000000)
    __rt_lib_shutdown_cpp_1                  0x00000127   Thumb Code     0  libshutdown2.o(.ARM.Collect$$libshutdown$$00000002)
    __rt_lib_shutdown_fp_trap_1              0x00000127   Thumb Code     0  libshutdown2.o(.ARM.Collect$$libshutdown$$00000007)
    __rt_lib_shutdown_heap_1                 0x00000127   Thumb Code     0  libshutdown2.o(.ARM.Collect$$libshutdown$$0000000F)
    __rt_lib_shutdown_return                 0x00000127   Thumb Code     0  libshutdown2.o(.ARM.Collect$$libshutdown$$00000010)
    __rt_lib_shutdown_signal_1               0x00000127   Thumb Code     0  libshutdown2.o(.ARM.Collect$$libshutdown$$0000000A)
    __rt_lib_shutdown_stdio_1                0x00000127   Thumb Code     0  libshutdown2.o(.ARM.Collect$$libshutdown$$00000004)
    __rt_lib_shutdown_user_alloc_1           0x00000127   Thumb Code     0  libshutdown2.o(.ARM.Collect$$libshutdown$$0000000C)
    __rt_entry                               0x00000129   Thumb Code     0  __rtentry.o(.ARM.Collect$$rtentry$$00000000)
    __rt_entry_presh_1                       0x00000129   Thumb Code     0  __rtentry2.o(.ARM.Collect$$rtentry$$00000002)
    __rt_entry_sh                            0x00000129   Thumb Code     0  __rtentry4.o(.ARM.Collect$$rtentry$$00000004)
    __rt_entry_postsh_1                      0x0000012f   Thumb Code     0  __rtentry2.o(.ARM.Collect$$rtentry$$00000008)
    __rt_entry_li                            0x00000137   Thumb Code     0  __rtentry2.o(.ARM.Collect$$rtentry$$0000000A)
    __rt_entry_main                          0x0000013b   Thumb Code     0  __rtentry2.o(.ARM.Collect$$rtentry$$0000000D)
    __rt_entry_postli_1                      0x0000013b   Thumb Code     0  __rtentry2.o(.ARM.Collect$$rtentry$$0000000C)
    __rt_exit                                0x00000143   Thumb Code     0  rtexit.o(.ARM.Collect$$rtexit$$00000000)
    __rt_exit_ls                             0x00000145   Thumb Code     0  rtexit2.o(.ARM.Collect$$rtexit$$00000003)
    __rt_exit_prels_1                        0x00000145   Thumb Code     0  rtexit2.o(.ARM.Collect$$rtexit$$00000002)
    __rt_exit_exit                           0x00000149   Thumb Code     0  rtexit2.o(.ARM.Collect$$rtexit$$00000004)
    __aeabi_memcpy4                          0x00000151   Thumb Code    56  rt_memcpy.o(.emb_text)
    __aeabi_memcpy8                          0x00000151   Thumb Code     0  rt_memcpy.o(.emb_text)
    Reset_Handler                            0x00000189   Thumb Code    12  startup_mkl25z4.o(.text)
    NMI_Handler                              0x00000195   Thumb Code     2  startup_mkl25z4.o(.text)
    HardFault_Handler                        0x00000197   Thumb Code     2  startup_mkl25z4.o(.text)
    ADC0_IRQHandler                          0x0000019f   Thumb Code     0  startup_mkl25z4.o(.text)
    CMP0_IRQHandler                          0x0000019f   Thumb Code     0  startup_mkl25z4.o(.text)
    DAC0_IRQHandler                          0x0000019f   Thumb Code     0  startup_mkl25z4.o(.text)
    DMA0_IRQHandler                          0x0000019f   Thumb Code     0  startup_mkl25z4.o(.text)
    DMA1_IRQHandler                          0x0000019f   Thumb Code     0  startup_mkl25z4.o(.text)
    DMA2_IRQHandler                          0x0000019f   Thumb Code     0  startup_mkl25z4.o(.text)
    DMA3_IRQHandler                          0x0000019f   Thumb Code     0  startup_mkl25z4.o(.text)
    DefaultISR                               0x0000019f   Thumb Code     0  startup_mkl25z4.o(.text)
    FTFA_IRQHandler                          0x0000019f   Thumb Code     0  startup_mkl25z4.o(.text)
    I2C0_IRQHandler                          0x0000019f   Thumb Code     0  startup_mkl25z4.o(.text)
    I2C1_IRQHandler                          0x0000019f   Thumb Code     0  startup_mkl25z4.o(.text)
    LLWU_IRQHandler                          0x0000019f   Thumb Code     0  startup_mkl25z4.o(.text)
    LPTMR0_IRQHandler                        0x0000019f   Thumb Code     0  startup_mkl25z4.o(.text)
    LVD_LVW_IRQHandler                       0x0000019f   Thumb Code     0  startup_mkl25z4.o(.text)
    MCG_IRQHandler                           0x0000019f   Thumb Code     0  startup_mkl25z4.o(.text)
    PORTA_IRQHandler                         0x0000019f   Thumb Code     0  startup_mkl25z4.o(.text)
    PORTD_IRQHandler                         0x0000019f   Thumb Code     0  startup_mkl25z4.o(.text)
    RTC_IRQHandler                           0x0000019f   Thumb Code     0  startup_mkl25z4.o(.text)
    RTC_Seconds_IRQHandler                   0x0000019f   Thumb Code     0  startup_mkl25z4.o(.text)
    Reserved20_IRQHandler                    0x0000019f   Thumb Code     0  startup_mkl25z4.o(.text)
    Reserved39_IRQHandler                    0x0000019f   Thumb Code     0  startup_mkl25z4.o(.text)
    Reserved45_IRQHandler                    0x0000019f   Thumb Code     0  startup_mkl25z4.o(.text)
    SPI0_IRQHandler                          0x0000019f   Thumb Code     0  startup_mkl25z4.o(.text)
    SPI1_IRQHandler                          0x0000019f   Thumb Code     0  startup_mkl25z4.o(.text)
    TPM0_IRQHandler                          0x0000019f   Thumb Code     0  startup_mkl25z4.o(.text)
    TPM1_IRQHandler                          0x0000019f   Thumb Code     0  startup_mkl25z4.o(.text)
    TPM2_IRQHandler                          0x0000019f   Thumb Code     0  startup_mkl25z4.o(.text)
    TSI0_IRQHandler                          0x0000019f   Thumb Code     0  startup_mkl25z4.o(.text)
    UART0_IRQHandler                         0x0000019f   Thumb Code     0  startup_mkl25z4.o(.text)
    UART1_IRQHandler                         0x0000019f   Thumb Code     0  startup_mkl25z4.o(.text)
    UART2_IRQHandler                         0x0000019f   Thumb Code     0  startup_mkl25z4.o(.text)
    USB0_IRQHandler                          0x0000019f   Thumb Code     0  startup_mkl25z4.o(.text)
    __user_initial_stackheap                 0x000001a5   Thumb Code     0  startup_mkl25z4.o(.text)
    SVC_Handler                              0x000001c9   Thumb Code   132  irq_cm0.o(.text)
    PendSV_Handler                           0x0000024d   Thumb Code    12  irq_cm0.o(.text)
    SysTick_Handler                          0x00000259   Thumb Code    12  irq_cm0.o(.text)
    __aeabi_memcpy                           0x0000026d   Thumb Code   130  rt_memcpy.o(.text)
    __rt_memcpy                              0x0000026d   Thumb Code     0  rt_memcpy.o(.text)
    _memset_w                                0x000002ef   Thumb Code    26  rt_memclr.o(.text)
    _memset                                  0x00000309   Thumb Code    30  rt_memclr.o(.text)
    __aeabi_memclr                           0x00000327   Thumb Code     4  rt_memclr.o(.text)
    __rt_memclr                              0x00000327   Thumb Code     0  rt_memclr.o(.text)
    __aeabi_memclr4                          0x0000032b   Thumb Code     0  rt_memclr.o(.text)
    __aeabi_memclr8                          0x0000032b   Thumb Code     0  rt_memclr.o(.text)
    __rt_memclr_w                            0x0000032b   Thumb Code     4  rt_memclr.o(.text)
    __use_two_region_memory                  0x0000032f   Thumb Code     2  heapauxi.o(.text)
    __rt_heap_escrow$2region                 0x00000331   Thumb Code     2  heapauxi.o(.text)
    __rt_heap_expand$2region                 0x00000333   Thumb Code     2  heapauxi.o(.text)
    __aeabi_d2f                              0x00000335   Thumb Code     0  d2f.o(.text)
    _d2f                                     0x00000335   Thumb Code   120  d2f.o(.text)
    __fpl_cmpreturn                          0x000003b1   Thumb Code    46  cmpret.o(.text)
    __fpl_dcheck_NaN2                        0x000003e1   Thumb Code    14  dnan2.o(.text)
    __user_libspace                          0x000003f5   Thumb Code     8  libspace.o(.text)
    __user_perproc_libspace                  0x000003f5   Thumb Code     0  libspace.o(.text)
    __I$use$semihosting                      0x000003fd   Thumb Code     0  use_no_semi.o(.text)
    __use_no_semihosting_swi                 0x000003fd   Thumb Code     2  use_no_semi.o(.text)
    __I$use$fp                               0x000003fe   Number         0  usenofp.o(x$fpl$usenofp)
    __semihosting_library_function           0x000003ff   Thumb Code     0  indicate_semi.o(.text)
    __aeabi_uidiv                            0x00000411   Thumb Code     0  aeabi_sdiv.o(.text)
    __aeabi_uidivmod                         0x00000411   Thumb Code    20  aeabi_sdiv.o(.text)
    __aeabi_idiv                             0x00000425   Thumb Code     0  aeabi_sdiv.o(.text)
    __aeabi_idivmod                          0x00000425   Thumb Code   326  aeabi_sdiv.o(.text)
    __aeabi_ddiv                             0x0000056d   Thumb Code     0  ddiv.o(.text)
    _ddiv                                    0x0000056d   Thumb Code  1072  ddiv.o(.text)
    _drdiv                                   0x0000099d   Thumb Code    20  ddiv.o(.text)
    __aeabi_i2d_normalise                    0x000009b5   Thumb Code    66  dflti.o(.text)
    __aeabi_i2d                              0x000009f7   Thumb Code    16  dflti.o(.text)
    _dflt                                    0x000009f7   Thumb Code     0  dflti.o(.text)
    __aeabi_ui2d                             0x00000a07   Thumb Code     6  dflti.o(.text)
    _dfltu                                   0x00000a07   Thumb Code     0  dflti.o(.text)
    __aeabi_dmul                             0x00000a0d   Thumb Code     0  dmul.o(.text)
    _dmul                                    0x00000a0d   Thumb Code   558  dmul.o(.text)
    __aeabi_f2d                              0x00000c55   Thumb Code     0  f2d.o(.text)
    _f2d                                     0x00000c55   Thumb Code    80  f2d.o(.text)
    __fpl_dcmp_InfNaN                        0x00000ca9   Thumb Code   140  dcmpin.o(.text)
    __fpl_fcmp_InfNaN                        0x00000d39   Thumb Code    96  fcmpin.o(.text)
    __fpl_fcheck_NaN2                        0x00000d9d   Thumb Code    10  fnan2.o(.text)
    __user_setup_stackheap                   0x00000dad   Thumb Code    62  sys_stackheap_outer.o(.text)
    exit                                     0x00000deb   Thumb Code    16  exit.o(.text)
    __fpl_return_NaN                         0x00000dfb   Thumb Code    94  retnan.o(.text)
    _sys_exit                                0x00000e59   Thumb Code     8  sys_exit.o(.text)
    __decompress                             0x00000e65   Thumb Code     0  __dczerorl.o(.text)
    __decompress0                            0x00000e65   Thumb Code    58  __dczerorl.o(.text)
    OS_Tick_AcknowledgeIRQ                   0x00000fc5   Thumb Code    12  os_systick.o(.text.OS_Tick_AcknowledgeIRQ)
    OS_Tick_Enable                           0x00000fd1   Thumb Code    44  os_systick.o(.text.OS_Tick_Enable)
    OS_Tick_GetIRQn                          0x00000ffd   Thumb Code     6  os_systick.o(.text.OS_Tick_GetIRQn)
    OS_Tick_Setup                            0x00001005   Thumb Code    76  os_systick.o(.text.OS_Tick_Setup)
    osDelay                                  0x000010f1   Thumb Code    40  rtx_delay.o(.text.osDelay)
    osEventFlagsNew                          0x00001119   Thumb Code    36  rtx_evflags.o(.text.osEventFlagsNew)
    osEventFlagsSet                          0x0000113d   Thumb Code    88  rtx_evflags.o(.text.osEventFlagsSet)
    osEventFlagsWait                         0x00001195   Thumb Code    80  rtx_evflags.o(.text.osEventFlagsWait)
    osKernelGetState                         0x000011e5   Thumb Code    48  rtx_kernel.o(.text.osKernelGetState)
    osKernelInitialize                       0x00001215   Thumb Code    36  rtx_kernel.o(.text.osKernelInitialize)
    osKernelStart                            0x00001239   Thumb Code    36  rtx_kernel.o(.text.osKernelStart)
    osMessageQueueGet                        0x0000125d   Thumb Code   120  rtx_msgqueue.o(.text.osMessageQueueGet)
    osMessageQueueNew                        0x000012d5   Thumb Code    36  rtx_msgqueue.o(.text.osMessageQueueNew)
    osMessageQueuePut                        0x000012f9   Thumb Code   128  rtx_msgqueue.o(.text.osMessageQueuePut)
    osMutexAcquire                           0x00001379   Thumb Code    40  rtx_mutex.o(.text.osMutexAcquire)
    osMutexDelete                            0x000013a1   Thumb Code    40  rtx_mutex.o(.text.osMutexDelete)
    osMutexNew                               0x000013c9   Thumb Code    36  rtx_mutex.o(.text.osMutexNew)
    osMutexRelease                           0x000013ed   Thumb Code    40  rtx_mutex.o(.text.osMutexRelease)
    osRtxMemoryAlloc                         0x0000144f   Thumb Code   124  rtx_memory.o(.text.osRtxMemoryAlloc)
    osRtxMemoryFree                          0x000014cb   Thumb Code    78  rtx_memory.o(.text.osRtxMemoryFree)
    osRtxMemoryInit                          0x00001519   Thumb Code    58  rtx_memory.o(.text.osRtxMemoryInit)
    osRtxMemoryPoolAlloc                     0x00001553   Thumb Code    56  rtx_mempool.o(.text.osRtxMemoryPoolAlloc)
    osRtxMemoryPoolFree                      0x0000158b   Thumb Code    64  rtx_mempool.o(.text.osRtxMemoryPoolFree)
    osRtxMemoryPoolInit                      0x000015cb   Thumb Code    68  rtx_mempool.o(.text.osRtxMemoryPoolInit)
    osRtxMutexOwnerRelease                   0x000016ed   Thumb Code    62  rtx_mutex.o(.text.osRtxMutexOwnerRelease)
    osRtxPendSV_Handler                      0x0000172d   Thumb Code   136  rtx_system.o(.text.osRtxPendSV_Handler)
    osRtxPostProcess                         0x000017b5   Thumb Code   108  rtx_system.o(.text.osRtxPostProcess)
    osRtxThreadDelayTick                     0x00001949   Thumb Code    60  rtx_thread.o(.text.osRtxThreadDelayTick)
    osRtxThreadDispatch                      0x00001985   Thumb Code    88  rtx_thread.o(.text.osRtxThreadDispatch)
    osRtxThreadListGet                       0x00001a31   Thumb Code    24  rtx_thread.o(.text.osRtxThreadListGet)
    osRtxThreadListPut                       0x00001a49   Thumb Code    58  rtx_thread.o(.text.osRtxThreadListPut)
    osRtxThreadListRemove                    0x00001a83   Thumb Code    24  rtx_thread.o(.text.osRtxThreadListRemove)
    osRtxThreadListSort                      0x00001a9b   Thumb Code    38  rtx_thread.o(.text.osRtxThreadListSort)
    osRtxThreadReadyPut                      0x00001ae9   Thumb Code    24  rtx_thread.o(.text.osRtxThreadReadyPut)
    osRtxThreadRegPtr                        0x00001b01   Thumb Code     6  rtx_thread.o(.text.osRtxThreadRegPtr)
    osRtxThreadStackCheck                    0x00001b09   Thumb Code    44  rtx_thread.o(.text.osRtxThreadStackCheck)
    osRtxThreadStartup                       0x00001b35   Thumb Code    92  rtx_thread.o(.text.osRtxThreadStartup)
    osRtxThreadSwitch                        0x00001b91   Thumb Code    20  rtx_thread.o(.text.osRtxThreadSwitch)
    osRtxThreadWaitEnter                     0x00001ba5   Thumb Code    56  rtx_thread.o(.text.osRtxThreadWaitEnter)
    osRtxThreadWaitExit                      0x00001bdd   Thumb Code    34  rtx_thread.o(.text.osRtxThreadWaitExit)
    osRtxTick_Handler                        0x00001c01   Thumb Code   116  rtx_system.o(.text.osRtxTick_Handler)
    osRtxTimerThread                         0x00001c75   Thumb Code    64  rtx_timer.o(.text.osRtxTimerThread)
    osThreadExit                             0x00001d15   Thumb Code    12  rtx_thread.o(.text.osThreadExit)
    osThreadNew                              0x00001d21   Thumb Code    36  rtx_thread.o(.text.osThreadNew)
    ADC_Cal                                  0x0000298d   Thumb Code   174  adc.o(i.ADC_Cal)
    Init_ADC                                 0x00002a3d   Thumb Code    26  adc.o(i.Init_ADC)
    MeasureVoltage                           0x00002a61   Thumb Code    30  adc.o(i.MeasureVoltage)
    PIT_IRQHandler                           0x00002a89   Thumb Code    50  pit.o(i.PIT_IRQHandler)
    SystemCoreClockUpdate                    0x00002ac1   Thumb Code   372  system_mkl25z4.o(i.SystemCoreClockUpdate)
    SystemInit                               0x00002c51   Thumb Code     8  system_mkl25z4.o(i.SystemInit)
    __ARM_common_switch8                     0x00002c5d   Thumb Code    28  rtx_config.o(i.__ARM_common_switch8)
    _mutex_acquire                           0x00002d09   Thumb Code    24  rtx_lib.o(i._mutex_acquire)
    _mutex_free                              0x00002d21   Thumb Code    12  rtx_lib.o(i._mutex_free)
    _mutex_initialize                        0x00002d2d   Thumb Code    36  rtx_lib.o(i._mutex_initialize)
    _mutex_release                           0x00002d51   Thumb Code    20  rtx_lib.o(i._mutex_release)
    _platform_post_stackheap_init            0x00002d65   Thumb Code     8  rtx_lib.o(i._platform_post_stackheap_init)
    audioToggle                              0x00002d6d   Thumb Code     8  gpio.o(i.audioToggle)
    blueLEDOnOff                             0x00002d79   Thumb Code    20  gpio.o(i.blueLEDOnOff)
    buttonTask                               0x00002d91   Thumb Code    94  main.o(i.buttonTask)
    configureGPIOinput                       0x00002df5   Thumb Code   140  gpio.o(i.configureGPIOinput)
    configureGPIOoutput                      0x00002e8d   Thumb Code   114  gpio.o(i.configureGPIOoutput)
    configurePIT                             0x00002f11   Thumb Code    96  pit.o(i.configurePIT)
    configureTPM0forPWM                      0x00002f81   Thumb Code   146  tpm_pwm.o(i.configureTPM0forPWM)
    infraLEDOnOff                            0x00003021   Thumb Code    24  gpio.o(i.infraLEDOnOff)
    initial_sound_off                        0x0000303d   Thumb Code    56  main.o(i.initial_sound_off)
    initial_sound_on                         0x00003079   Thumb Code    56  main.o(i.initial_sound_on)
    isPressed                                0x000030b5   Thumb Code    20  gpio.o(i.isPressed)
    main                                     0x000030cd   Thumb Code   144  main.o(i.main)
    osRtxErrorNotify                         0x00003185   Thumb Code    32  rtx_config.o(i.osRtxErrorNotify)
    osRtxIdleThread                          0x000031a5   Thumb Code     4  rtx_config.o(i.osRtxIdleThread)
    playtone                                 0x000031cd   Thumb Code    30  main.o(i.playtone)
    setPWMDuty                               0x000031f1   Thumb Code    14  tpm_pwm.o(i.setPWMDuty)
    setTimer                                 0x00003205   Thumb Code     8  pit.o(i.setTimer)
    startTimer                               0x00003211   Thumb Code    22  pit.o(i.startTimer)
    stopTimer                                0x0000322d   Thumb Code    22  pit.o(i.stopTimer)
    toneTask                                 0x00003249   Thumb Code   162  main.o(i.toneTask)
    voltage_range                            0x0000330d   Thumb Code   298  main.o(i.voltage_range)
    __aeabi_cdcmple                          0x00003459   Thumb Code     0  dlef.o(x$fpl$dleqf)
    _dcmple                                  0x00003459   Thumb Code    94  dlef.o(x$fpl$dleqf)
    __aeabi_cdrcmple                         0x000034bd   Thumb Code     0  drlef.o(x$fpl$drleqf)
    _drcmple                                 0x000034bd   Thumb Code   100  drlef.o(x$fpl$drleqf)
    __aeabi_cfcmple                          0x00003525   Thumb Code     0  flef.o(x$fpl$fleqf)
    _fcmple                                  0x00003525   Thumb Code    78  flef.o(x$fpl$fleqf)
    __aeabi_cfrcmple                         0x00003579   Thumb Code     0  frlef.o(x$fpl$frleqf)
    _frcmple                                 0x00003579   Thumb Code    84  frlef.o(x$fpl$frleqf)
    osRtxUserSVC                             0x00003694   Data           4  rtx_lib.o(.constdata)
    irqRtxLib                                0x00003698   Data           1  irq_cm0.o(.constdata)
    osRtxConfig                              0x0000371c   Data         104  rtx_lib.o(.rodata)
    Region$$Table$$Base                      0x00003790   Number         0  anon$$obj.o(Region$$Table)
    Region$$Table$$Limit                     0x000037b0   Number         0  anon$$obj.o(Region$$Table)
    .bss.os.msgqueue.cb$$Base                0x20000040   Number         0  rtx_lib.o(.bss.os.msgqueue.cb)
    .bss.os.msgqueue.cb$$Limit               0x20000074   Number         0  rtx_lib.o(.bss.os.msgqueue.cb)
    .bss.os.thread.cb$$Base                  0x200000c4   Number         0  rtx_lib.o(.bss.os.thread.cb)
    .bss.os.thread.cb$$Limit                 0x2000014c   Number         0  rtx_lib.o(.bss.os.thread.cb)
    evtFlags                                 0x20000350   Data           4  main.o(.data)
    evtFlags2                                0x20000354   Data           4  main.o(.data)
    pressed                                  0x20000358   Data           1  main.o(.data)
    measured_voltage                         0x2000035c   Data           4  main.o(.data)
    t_tone                                   0x20000360   Data           4  main.o(.data)
    t_button                                 0x20000364   Data           4  main.o(.data)
    calibrationFailed                        0x20000368   Data           1  main.o(.data)
    sres                                     0x2000036a   Data           2  adc.o(.data)
    dres                                     0x2000036c   Data           2  adc.o(.data)
    irqRtxLibRef                             0x20000370   Data           4  rtx_lib.o(.data)
    SystemCoreClock                          0x20000378   Data           4  system_mkl25z4.o(.data)
    osRtxInfo                                0x2000037c   Data         164  rtx_kernel.o(.data.os)
    __libspace_start                         0x20000420   Data          96  libspace.o(.bss)
    __temporary_stack_top$libspace           0x20000480   Data           0  libspace.o(.bss)



==============================================================================

Memory Map of the image

  Image Entry point : 0x00000189

  Load Region LR_1 (Base: 0x00000000, Size: 0x00004bd0, Max: 0xffffffff, ABSOLUTE, COMPRESSED[0x000037ec])

    Execution Region ER_RO (Exec base: 0x00000000, Load base: 0x00000000, Size: 0x000037b0, Max: 0xffffffff, ABSOLUTE)

    Exec Addr    Load Addr    Size         Type   Attr      Idx    E Section Name        Object

    0x00000000   0x00000000   0x000000c0   Data   RO          413    RESET               startup_mkl25z4.o
    0x000000c0   0x000000c0   0x00000008   Code   RO          998  * !!!main             c_p.l(__main.o)
    0x000000c8   0x000000c8   0x0000003c   Code   RO         1199    !!!scatter          c_p.l(__scatter.o)
    0x00000104   0x00000104   0x0000001c   Code   RO         1201    !!handler_zi        c_p.l(__scatter_zi.o)
    0x00000120   0x00000120   0x00000002   Code   RO         1064    .ARM.Collect$$libinit$$00000000  c_p.l(libinit.o)
    0x00000122   0x00000122   0x00000000   Code   RO         1080    .ARM.Collect$$libinit$$00000002  c_p.l(libinit2.o)
    0x00000122   0x00000122   0x00000000   Code   RO         1082    .ARM.Collect$$libinit$$00000004  c_p.l(libinit2.o)
    0x00000122   0x00000122   0x00000000   Code   RO         1085    .ARM.Collect$$libinit$$0000000A  c_p.l(libinit2.o)
    0x00000122   0x00000122   0x00000000   Code   RO         1087    .ARM.Collect$$libinit$$0000000C  c_p.l(libinit2.o)
    0x00000122   0x00000122   0x00000000   Code   RO         1089    .ARM.Collect$$libinit$$0000000E  c_p.l(libinit2.o)
    0x00000122   0x00000122   0x00000000   Code   RO         1092    .ARM.Collect$$libinit$$00000011  c_p.l(libinit2.o)
    0x00000122   0x00000122   0x00000000   Code   RO         1094    .ARM.Collect$$libinit$$00000013  c_p.l(libinit2.o)
    0x00000122   0x00000122   0x00000000   Code   RO         1096    .ARM.Collect$$libinit$$00000015  c_p.l(libinit2.o)
    0x00000122   0x00000122   0x00000000   Code   RO         1098    .ARM.Collect$$libinit$$00000017  c_p.l(libinit2.o)
    0x00000122   0x00000122   0x00000000   Code   RO         1100    .ARM.Collect$$libinit$$00000019  c_p.l(libinit2.o)
    0x00000122   0x00000122   0x00000000   Code   RO         1102    .ARM.Collect$$libinit$$0000001B  c_p.l(libinit2.o)
    0x00000122   0x00000122   0x00000000   Code   RO         1104    .ARM.Collect$$libinit$$0000001D  c_p.l(libinit2.o)
    0x00000122   0x00000122   0x00000000   Code   RO         1106    .ARM.Collect$$libinit$$0000001F  c_p.l(libinit2.o)
    0x00000122   0x00000122   0x00000000   Code   RO         1108    .ARM.Collect$$libinit$$00000021  c_p.l(libinit2.o)
    0x00000122   0x00000122   0x00000000   Code   RO         1110    .ARM.Collect$$libinit$$00000023  c_p.l(libinit2.o)
    0x00000122   0x00000122   0x00000000   Code   RO         1112    .ARM.Collect$$libinit$$00000025  c_p.l(libinit2.o)
    0x00000122   0x00000122   0x00000000   Code   RO         1116    .ARM.Collect$$libinit$$0000002C  c_p.l(libinit2.o)
    0x00000122   0x00000122   0x00000000   Code   RO         1118    .ARM.Collect$$libinit$$0000002E  c_p.l(libinit2.o)
    0x00000122   0x00000122   0x00000000   Code   RO         1120    .ARM.Collect$$libinit$$00000030  c_p.l(libinit2.o)
    0x00000122   0x00000122   0x00000000   Code   RO         1122    .ARM.Collect$$libinit$$00000032  c_p.l(libinit2.o)
    0x00000122   0x00000122   0x00000002   Code   RO         1123    .ARM.Collect$$libinit$$00000033  c_p.l(libinit2.o)
    0x00000124   0x00000124   0x00000002   Code   RO         1154    .ARM.Collect$$libshutdown$$00000000  c_p.l(libshutdown.o)
    0x00000126   0x00000126   0x00000000   Code   RO         1180    .ARM.Collect$$libshutdown$$00000002  c_p.l(libshutdown2.o)
    0x00000126   0x00000126   0x00000000   Code   RO         1182    .ARM.Collect$$libshutdown$$00000004  c_p.l(libshutdown2.o)
    0x00000126   0x00000126   0x00000000   Code   RO         1185    .ARM.Collect$$libshutdown$$00000007  c_p.l(libshutdown2.o)
    0x00000126   0x00000126   0x00000000   Code   RO         1188    .ARM.Collect$$libshutdown$$0000000A  c_p.l(libshutdown2.o)
    0x00000126   0x00000126   0x00000000   Code   RO         1190    .ARM.Collect$$libshutdown$$0000000C  c_p.l(libshutdown2.o)
    0x00000126   0x00000126   0x00000000   Code   RO         1193    .ARM.Collect$$libshutdown$$0000000F  c_p.l(libshutdown2.o)
    0x00000126   0x00000126   0x00000002   Code   RO         1194    .ARM.Collect$$libshutdown$$00000010  c_p.l(libshutdown2.o)
    0x00000128   0x00000128   0x00000000   Code   RO         1019    .ARM.Collect$$rtentry$$00000000  c_p.l(__rtentry.o)
    0x00000128   0x00000128   0x00000000   Code   RO         1030    .ARM.Collect$$rtentry$$00000002  c_p.l(__rtentry2.o)
    0x00000128   0x00000128   0x00000006   Code   RO         1042    .ARM.Collect$$rtentry$$00000004  c_p.l(__rtentry4.o)
    0x0000012e   0x0000012e   0x00000008   Code   RO         1031    .ARM.Collect$$rtentry$$00000008  c_p.l(__rtentry2.o)
    0x00000136   0x00000136   0x00000004   Code   RO         1033    .ARM.Collect$$rtentry$$0000000A  c_p.l(__rtentry2.o)
    0x0000013a   0x0000013a   0x00000000   Code   RO         1035    .ARM.Collect$$rtentry$$0000000C  c_p.l(__rtentry2.o)
    0x0000013a   0x0000013a   0x00000008   Code   RO         1036    .ARM.Collect$$rtentry$$0000000D  c_p.l(__rtentry2.o)
    0x00000142   0x00000142   0x00000002   Code   RO         1071    .ARM.Collect$$rtexit$$00000000  c_p.l(rtexit.o)
    0x00000144   0x00000144   0x00000000   Code   RO         1127    .ARM.Collect$$rtexit$$00000002  c_p.l(rtexit2.o)
    0x00000144   0x00000144   0x00000004   Code   RO         1128    .ARM.Collect$$rtexit$$00000003  c_p.l(rtexit2.o)
    0x00000148   0x00000148   0x00000006   Code   RO         1129    .ARM.Collect$$rtexit$$00000004  c_p.l(rtexit2.o)
    0x0000014e   0x0000014e   0x00000002   PAD
    0x00000150   0x00000150   0x00000038   Code   RO          986    .emb_text           c_p.l(rt_memcpy.o)
    0x00000188   0x00000188   0x00000040   Code   RO          415  * .text               startup_mkl25z4.o
    0x000001c8   0x000001c8   0x000000a4   Code   RO          759    .text               RTX_CM0.lib(irq_cm0.o)
    0x0000026c   0x0000026c   0x00000082   Code   RO          987    .text               c_p.l(rt_memcpy.o)
    0x000002ee   0x000002ee   0x00000040   Code   RO          990    .text               c_p.l(rt_memclr.o)
    0x0000032e   0x0000032e   0x00000006   Code   RO          996    .text               c_p.l(heapauxi.o)
    0x00000334   0x00000334   0x0000007c   Code   RO         1000    .text               fz_ps.l(d2f.o)
    0x000003b0   0x000003b0   0x0000002e   Code   RO         1046    .text               fz_ps.l(cmpret.o)
    0x000003de   0x000003de   0x00000002   PAD
    0x000003e0   0x000003e0   0x00000014   Code   RO         1048    .text               fz_ps.l(dnan2.o)
    0x000003f4   0x000003f4   0x00000008   Code   RO         1067    .text               c_p.l(libspace.o)
    0x000003fc   0x000003fc   0x00000002   Code   RO         1143    .text               c_p.l(use_no_semi.o)
    0x000003fe   0x000003fe   0x00000000   Code   RO         1145    .text               c_p.l(indicate_semi.o)
    0x000003fe   0x000003fe   0x00000000   Code   RO         1028    x$fpl$usenofp       fz_ps.l(usenofp.o)
    0x000003fe   0x000003fe   0x00000002   PAD
    0x00000400   0x00000400   0x00000010   Code   RO          414    .ARM.__at_0x400     startup_mkl25z4.o
    0x00000410   0x00000410   0x0000015a   Code   RO          992    .text               c_p.l(aeabi_sdiv.o)
    0x0000056a   0x0000056a   0x00000002   PAD
    0x0000056c   0x0000056c   0x00000448   Code   RO         1002    .text               fz_ps.l(ddiv.o)
    0x000009b4   0x000009b4   0x00000058   Code   RO         1005    .text               fz_ps.l(dflti.o)
    0x00000a0c   0x00000a0c   0x00000248   Code   RO         1009    .text               fz_ps.l(dmul.o)
    0x00000c54   0x00000c54   0x00000054   Code   RO         1013    .text               fz_ps.l(f2d.o)
    0x00000ca8   0x00000ca8   0x00000090   Code   RO         1024    .text               fz_ps.l(dcmpin.o)
    0x00000d38   0x00000d38   0x00000064   Code   RO         1026    .text               fz_ps.l(fcmpin.o)
    0x00000d9c   0x00000d9c   0x00000010   Code   RO         1050    .text               fz_ps.l(fnan2.o)
    0x00000dac   0x00000dac   0x0000003e   Code   RO         1052    .text               c_p.l(sys_stackheap_outer.o)
    0x00000dea   0x00000dea   0x00000010   Code   RO         1055    .text               c_p.l(exit.o)
    0x00000dfa   0x00000dfa   0x0000005e   Code   RO         1065    .text               fz_ps.l(retnan.o)
    0x00000e58   0x00000e58   0x0000000c   Code   RO         1124    .text               c_p.l(sys_exit.o)
    0x00000e64   0x00000e64   0x0000003a   Code   RO         1197    .text               c_p.l(__dczerorl.o)
    0x00000e9e   0x00000e9e   0x00000052   Code   RO          701    .text.EventFlagsCheck  RTX_CM0.lib(rtx_evflags.o)
    0x00000ef0   0x00000ef0   0x0000004c   Code   RO          966    .text.MessageQueueGet  RTX_CM0.lib(rtx_msgqueue.o)
    0x00000f3c   0x00000f3c   0x00000060   Code   RO          960    .text.MessageQueuePut  RTX_CM0.lib(rtx_msgqueue.o)
    0x00000f9c   0x00000f9c   0x00000028   Code   RO          958    .text.MessageQueueRemove  RTX_CM0.lib(rtx_msgqueue.o)
    0x00000fc4   0x00000fc4   0x0000000c   Code   RO          902    .text.OS_Tick_AcknowledgeIRQ  RTX_CM0.lib(os_systick.o)
    0x00000fd0   0x00000fd0   0x0000002c   Code   RO          898    .text.OS_Tick_Enable  RTX_CM0.lib(os_systick.o)
    0x00000ffc   0x00000ffc   0x00000006   Code   RO          904    .text.OS_Tick_GetIRQn  RTX_CM0.lib(os_systick.o)
    0x00001002   0x00001002   0x00000002   PAD
    0x00001004   0x00001004   0x0000004c   Code   RO          896    .text.OS_Tick_Setup  RTX_CM0.lib(os_systick.o)
    0x00001050   0x00001050   0x00000052   Code   RO          603    .text.ThreadFlagsCheck  RTX_CM0.lib(rtx_thread.o)
    0x000010a2   0x000010a2   0x00000002   PAD
    0x000010a4   0x000010a4   0x0000004c   Code   RO          780    .text.TimerInsert   RTX_CM0.lib(rtx_timer.o)
    0x000010f0   0x000010f0   0x00000028   Code   RO          660    .text.osDelay       RTX_CM0.lib(rtx_delay.o)
    0x00001118   0x00001118   0x00000024   Code   RO          679    .text.osEventFlagsNew  RTX_CM0.lib(rtx_evflags.o)
    0x0000113c   0x0000113c   0x00000058   Code   RO          683    .text.osEventFlagsSet  RTX_CM0.lib(rtx_evflags.o)
    0x00001194   0x00001194   0x00000050   Code   RO          693    .text.osEventFlagsWait  RTX_CM0.lib(rtx_evflags.o)
    0x000011e4   0x000011e4   0x00000030   Code   RO          466    .text.osKernelGetState  RTX_CM0.lib(rtx_kernel.o)
    0x00001214   0x00001214   0x00000024   Code   RO          460    .text.osKernelInitialize  RTX_CM0.lib(rtx_kernel.o)
    0x00001238   0x00001238   0x00000024   Code   RO          470    .text.osKernelStart  RTX_CM0.lib(rtx_kernel.o)
    0x0000125c   0x0000125c   0x00000078   Code   RO          932    .text.osMessageQueueGet  RTX_CM0.lib(rtx_msgqueue.o)
    0x000012d4   0x000012d4   0x00000024   Code   RO          926    .text.osMessageQueueNew  RTX_CM0.lib(rtx_msgqueue.o)
    0x000012f8   0x000012f8   0x00000080   Code   RO          930    .text.osMessageQueuePut  RTX_CM0.lib(rtx_msgqueue.o)
    0x00001378   0x00001378   0x00000028   Code   RO          728    .text.osMutexAcquire  RTX_CM0.lib(rtx_mutex.o)
    0x000013a0   0x000013a0   0x00000028   Code   RO          734    .text.osMutexDelete  RTX_CM0.lib(rtx_mutex.o)
    0x000013c8   0x000013c8   0x00000024   Code   RO          724    .text.osMutexNew    RTX_CM0.lib(rtx_mutex.o)
    0x000013ec   0x000013ec   0x00000028   Code   RO          730    .text.osMutexRelease  RTX_CM0.lib(rtx_mutex.o)
    0x00001414   0x00001414   0x0000003a   Code   RO          699    .text.osRtxEventFlagsPostProcess  RTX_CM0.lib(rtx_evflags.o)
    0x0000144e   0x0000144e   0x0000007c   Code   RO          809    .text.osRtxMemoryAlloc  RTX_CM0.lib(rtx_memory.o)
    0x000014ca   0x000014ca   0x0000004e   Code   RO          811    .text.osRtxMemoryFree  RTX_CM0.lib(rtx_memory.o)
    0x00001518   0x00001518   0x0000003a   Code   RO          807    .text.osRtxMemoryInit  RTX_CM0.lib(rtx_memory.o)
    0x00001552   0x00001552   0x00000038   Code   RO          826    .text.osRtxMemoryPoolAlloc  RTX_CM0.lib(rtx_mempool.o)
    0x0000158a   0x0000158a   0x00000040   Code   RO          828    .text.osRtxMemoryPoolFree  RTX_CM0.lib(rtx_mempool.o)
    0x000015ca   0x000015ca   0x00000044   Code   RO          824    .text.osRtxMemoryPoolInit  RTX_CM0.lib(rtx_mempool.o)
    0x0000160e   0x0000160e   0x000000de   Code   RO          956    .text.osRtxMessageQueuePostProcess  RTX_CM0.lib(rtx_msgqueue.o)
    0x000016ec   0x000016ec   0x0000003e   Code   RO          722    .text.osRtxMutexOwnerRelease  RTX_CM0.lib(rtx_mutex.o)
    0x0000172a   0x0000172a   0x00000002   PAD
    0x0000172c   0x0000172c   0x00000088   Code   RO          881    .text.osRtxPendSV_Handler  RTX_CM0.lib(rtx_system.o)
    0x000017b4   0x000017b4   0x0000006c   Code   RO          883    .text.osRtxPostProcess  RTX_CM0.lib(rtx_system.o)
    0x00001820   0x00001820   0x0000003c   Code   RO          545    .text.osRtxThreadBlock  RTX_CM0.lib(rtx_thread.o)
    0x0000185c   0x0000185c   0x0000008c   Code   RO          553    .text.osRtxThreadDelayInsert  RTX_CM0.lib(rtx_thread.o)
    0x000018e8   0x000018e8   0x00000060   Code   RO          549    .text.osRtxThreadDelayRemove  RTX_CM0.lib(rtx_thread.o)
    0x00001948   0x00001948   0x0000003c   Code   RO          535    .text.osRtxThreadDelayTick  RTX_CM0.lib(rtx_thread.o)
    0x00001984   0x00001984   0x00000058   Code   RO          543    .text.osRtxThreadDispatch  RTX_CM0.lib(rtx_thread.o)
    0x000019dc   0x000019dc   0x00000054   Code   RO          629    .text.osRtxThreadFree  RTX_CM0.lib(rtx_thread.o)
    0x00001a30   0x00001a30   0x00000018   Code   RO          527    .text.osRtxThreadListGet  RTX_CM0.lib(rtx_thread.o)
    0x00001a48   0x00001a48   0x0000003a   Code   RO          525    .text.osRtxThreadListPut  RTX_CM0.lib(rtx_thread.o)
    0x00001a82   0x00001a82   0x00000018   Code   RO          531    .text.osRtxThreadListRemove  RTX_CM0.lib(rtx_thread.o)
    0x00001a9a   0x00001a9a   0x00000026   Code   RO          529    .text.osRtxThreadListSort  RTX_CM0.lib(rtx_thread.o)
    0x00001ac0   0x00001ac0   0x00000026   Code   RO          601    .text.osRtxThreadPostProcess  RTX_CM0.lib(rtx_thread.o)
    0x00001ae6   0x00001ae6   0x00000002   PAD
    0x00001ae8   0x00001ae8   0x00000018   Code   RO          533    .text.osRtxThreadReadyPut  RTX_CM0.lib(rtx_thread.o)
    0x00001b00   0x00001b00   0x00000006   Code   RO          537    .text.osRtxThreadRegPtr  RTX_CM0.lib(rtx_thread.o)
    0x00001b06   0x00001b06   0x00000002   PAD
    0x00001b08   0x00001b08   0x0000002c   Code   RO          541    .text.osRtxThreadStackCheck  RTX_CM0.lib(rtx_thread.o)
    0x00001b34   0x00001b34   0x0000005c   Code   RO          555    .text.osRtxThreadStartup  RTX_CM0.lib(rtx_thread.o)
    0x00001b90   0x00001b90   0x00000014   Code   RO          539    .text.osRtxThreadSwitch  RTX_CM0.lib(rtx_thread.o)
    0x00001ba4   0x00001ba4   0x00000038   Code   RO          551    .text.osRtxThreadWaitEnter  RTX_CM0.lib(rtx_thread.o)
    0x00001bdc   0x00001bdc   0x00000022   Code   RO          547    .text.osRtxThreadWaitExit  RTX_CM0.lib(rtx_thread.o)
    0x00001bfe   0x00001bfe   0x00000002   PAD
    0x00001c00   0x00001c00   0x00000074   Code   RO          879    .text.osRtxTick_Handler  RTX_CM0.lib(rtx_system.o)
    0x00001c74   0x00001c74   0x00000040   Code   RO          764    .text.osRtxTimerThread  RTX_CM0.lib(rtx_timer.o)
    0x00001cb4   0x00001cb4   0x00000060   Code   RO          766    .text.osRtxTimerTick  RTX_CM0.lib(rtx_timer.o)
    0x00001d14   0x00001d14   0x0000000c   Code   RO          585    .text.osThreadExit  RTX_CM0.lib(rtx_thread.o)
    0x00001d20   0x00001d20   0x00000024   Code   RO          559    .text.osThreadNew   RTX_CM0.lib(rtx_thread.o)
    0x00001d44   0x00001d44   0x00000012   Code   RO          664    .text.svcRtxDelay   RTX_CM0.lib(rtx_delay.o)
    0x00001d56   0x00001d56   0x00000002   PAD
    0x00001d58   0x00001d58   0x00000074   Code   RO          697    .text.svcRtxEventFlagsNew  RTX_CM0.lib(rtx_evflags.o)
    0x00001dcc   0x00001dcc   0x00000090   Code   RO          705    .text.svcRtxEventFlagsSet  RTX_CM0.lib(rtx_evflags.o)
    0x00001e5c   0x00001e5c   0x00000078   Code   RO          707    .text.svcRtxEventFlagsWait  RTX_CM0.lib(rtx_evflags.o)
    0x00001ed4   0x00001ed4   0x0000000c   Code   RO          468    .text.svcRtxKernelGetState  RTX_CM0.lib(rtx_kernel.o)
    0x00001ee0   0x00001ee0   0x0000017c   Code   RO          498    .text.svcRtxKernelInitialize  RTX_CM0.lib(rtx_kernel.o)
    0x0000205c   0x0000205c   0x00000088   Code   RO          500    .text.svcRtxKernelStart  RTX_CM0.lib(rtx_kernel.o)
    0x000020e4   0x000020e4   0x000000f0   Code   RO          968    .text.svcRtxMessageQueueGet  RTX_CM0.lib(rtx_msgqueue.o)
    0x000021d4   0x000021d4   0x000001d4   Code   RO          954    .text.svcRtxMessageQueueNew  RTX_CM0.lib(rtx_msgqueue.o)
    0x000023a8   0x000023a8   0x000000d0   Code   RO          964    .text.svcRtxMessageQueuePut  RTX_CM0.lib(rtx_msgqueue.o)
    0x00002478   0x00002478   0x000000a0   Code   RO          740    .text.svcRtxMutexAcquire  RTX_CM0.lib(rtx_mutex.o)
    0x00002518   0x00002518   0x000000d0   Code   RO          746    .text.svcRtxMutexDelete  RTX_CM0.lib(rtx_mutex.o)
    0x000025e8   0x000025e8   0x00000078   Code   RO          736    .text.svcRtxMutexNew  RTX_CM0.lib(rtx_mutex.o)
    0x00002660   0x00002660   0x000000c0   Code   RO          742    .text.svcRtxMutexRelease  RTX_CM0.lib(rtx_mutex.o)
    0x00002720   0x00002720   0x0000006c   Code   RO          633    .text.svcRtxThreadExit  RTX_CM0.lib(rtx_thread.o)
    0x0000278c   0x0000278c   0x00000200   Code   RO          557    .text.svcRtxThreadNew  RTX_CM0.lib(rtx_thread.o)
    0x0000298c   0x0000298c   0x000000ae   Code   RO          255    i.ADC_Cal           adc.o
    0x00002a3a   0x00002a3a   0x00000002   PAD
    0x00002a3c   0x00002a3c   0x00000024   Code   RO          256    i.Init_ADC          adc.o
    0x00002a60   0x00002a60   0x00000028   Code   RO          257    i.MeasureVoltage    adc.o
    0x00002a88   0x00002a88   0x00000038   Code   RO          169    i.PIT_IRQHandler    pit.o
    0x00002ac0   0x00002ac0   0x00000190   Code   RO          423    i.SystemCoreClockUpdate  system_mkl25z4.o
    0x00002c50   0x00002c50   0x0000000c   Code   RO          424    i.SystemInit        system_mkl25z4.o
    0x00002c5c   0x00002c5c   0x0000001c   Code   RO          402    i.__ARM_common_switch8  rtx_config.o
    0x00002c78   0x00002c78   0x00000018   Code   RO          170    i.__NVIC_ClearPendingIRQ  pit.o
    0x00002c90   0x00002c90   0x00000078   Code   RO          171    i.__NVIC_SetPriority  pit.o
    0x00002d08   0x00002d08   0x00000018   Code   RO          302    i._mutex_acquire    rtx_lib.o
    0x00002d20   0x00002d20   0x0000000c   Code   RO          303    i._mutex_free       rtx_lib.o
    0x00002d2c   0x00002d2c   0x00000024   Code   RO          304    i._mutex_initialize  rtx_lib.o
    0x00002d50   0x00002d50   0x00000014   Code   RO          305    i._mutex_release    rtx_lib.o
    0x00002d64   0x00002d64   0x00000008   Code   RO          306    i._platform_post_stackheap_init  rtx_lib.o
    0x00002d6c   0x00002d6c   0x0000000c   Code   RO            3    i.audioToggle       gpio.o
    0x00002d78   0x00002d78   0x00000018   Code   RO            4    i.blueLEDOnOff      gpio.o
    0x00002d90   0x00002d90   0x00000064   Code   RO           90    i.buttonTask        main.o
    0x00002df4   0x00002df4   0x00000098   Code   RO            5    i.configureGPIOinput  gpio.o
    0x00002e8c   0x00002e8c   0x00000084   Code   RO            6    i.configureGPIOoutput  gpio.o
    0x00002f10   0x00002f10   0x00000070   Code   RO          172    i.configurePIT      pit.o
    0x00002f80   0x00002f80   0x000000a0   Code   RO          226    i.configureTPM0forPWM  tpm_pwm.o
    0x00003020   0x00003020   0x0000001c   Code   RO            7    i.infraLEDOnOff     gpio.o
    0x0000303c   0x0000303c   0x0000003c   Code   RO           91    i.initial_sound_off  main.o
    0x00003078   0x00003078   0x0000003c   Code   RO           92    i.initial_sound_on  main.o
    0x000030b4   0x000030b4   0x00000018   Code   RO            8    i.isPressed         gpio.o
    0x000030cc   0x000030cc   0x000000b8   Code   RO           93    i.main              main.o
    0x00003184   0x00003184   0x00000020   Code   RO          381    i.osRtxErrorNotify  rtx_config.o
    0x000031a4   0x000031a4   0x00000004   Code   RO          382    i.osRtxIdleThread   rtx_config.o
    0x000031a8   0x000031a8   0x00000024   Code   RO          307    i.os_kernel_is_active  rtx_lib.o
    0x000031cc   0x000031cc   0x00000024   Code   RO           94    i.playtone          main.o
    0x000031f0   0x000031f0   0x00000014   Code   RO          227    i.setPWMDuty        tpm_pwm.o
    0x00003204   0x00003204   0x0000000c   Code   RO          173    i.setTimer          pit.o
    0x00003210   0x00003210   0x0000001c   Code   RO          174    i.startTimer        pit.o
    0x0000322c   0x0000322c   0x0000001c   Code   RO          175    i.stopTimer         pit.o
    0x00003248   0x00003248   0x000000c4   Code   RO           95    i.toneTask          main.o
    0x0000330c   0x0000330c   0x0000014c   Code   RO           96    i.voltage_range     main.o
    0x00003458   0x00003458   0x00000064   Code   RO         1007    x$fpl$dleqf         fz_ps.l(dlef.o)
    0x000034bc   0x000034bc   0x00000068   Code   RO         1011    x$fpl$drleqf        fz_ps.l(drlef.o)
    0x00003524   0x00003524   0x00000054   Code   RO         1015    x$fpl$fleqf         fz_ps.l(flef.o)
    0x00003578   0x00003578   0x00000058   Code   RO         1017    x$fpl$frleqf        fz_ps.l(frlef.o)
    0x000035d0   0x000035d0   0x00000064   Data   RO           97    .constdata          main.o
    0x00003634   0x00003634   0x00000064   Data   RO          314    .constdata          rtx_lib.o
    0x00003698   0x00003698   0x00000001   Data   RO          758    .constdata          RTX_CM0.lib(irq_cm0.o)
    0x00003699   0x00003699   0x00000080   Data   RO         1003    .constdata          fz_ps.l(ddiv.o)
    0x00003719   0x00003719   0x00000003   PAD
    0x0000371c   0x0000371c   0x00000068   Data   RO          316    .rodata             rtx_lib.o
    0x00003784   0x00003784   0x0000000b   Data   RO          512    .rodata.str1.4      RTX_CM0.lib(rtx_kernel.o)
    0x0000378f   0x0000378f   0x00000001   PAD
    0x00003790   0x00003790   0x00000020   Data   RO         1195    Region$$Table       anon$$obj.o


    Execution Region ER_RW (Exec base: 0x1ffff000, Load base: 0x000037b0, Size: 0x00001420, Max: 0xffffffff, ABSOLUTE, COMPRESSED[0x0000003c])

    Exec Addr    Load Addr    Size         Type   Attr      Idx    E Section Name        Object

    0x1ffff000   COMPRESSED   0x00001040   Data   RW          308    .bss.os             rtx_lib.o
    0x20000040   COMPRESSED   0x00000034   Data   RW          310    .bss.os.msgqueue.cb  rtx_lib.o
    0x20000074   COMPRESSED   0x00000050   Data   RW          311    .bss.os.msgqueue.mem  rtx_lib.o
    0x200000c4   COMPRESSED   0x00000088   Data   RW          312    .bss.os.thread.cb   rtx_lib.o
    0x2000014c   COMPRESSED   0x00000004   PAD
    0x20000150   COMPRESSED   0x00000200   Data   RW          313    .bss.os.thread.stack  rtx_lib.o
    0x20000350   COMPRESSED   0x00000019   Data   RW           98    .data               main.o
    0x20000369   COMPRESSED   0x00000001   PAD
    0x2000036a   COMPRESSED   0x00000004   Data   RW          259    .data               adc.o
    0x2000036e   COMPRESSED   0x00000002   PAD
    0x20000370   COMPRESSED   0x00000005   Data   RW          315    .data               rtx_lib.o
    0x20000375   COMPRESSED   0x00000003   PAD
    0x20000378   COMPRESSED   0x00000004   Data   RW          425    .data               system_mkl25z4.o
    0x2000037c   COMPRESSED   0x000000a4   Data   RW          513    .data.os            RTX_CM0.lib(rtx_kernel.o)


    Execution Region ER_ZI (Exec base: 0x20000420, Load base: 0x000037ec, Size: 0x00000168, Max: 0xffffffff, ABSOLUTE)

    Exec Addr    Load Addr    Size         Type   Attr      Idx    E Section Name        Object

    0x20000420        -       0x00000060   Zero   RW         1068    .bss                c_p.l(libspace.o)
    0x20000480        -       0x00000001   Zero   RW          914    .bss.PendST         RTX_CM0.lib(os_systick.o)
    0x20000481   0x000037ec   0x00000007   PAD
    0x20000488        -       0x00000000   Zero   RW          412    HEAP                startup_mkl25z4.o
    0x20000488        -       0x00000100   Zero   RW          411    STACK               startup_mkl25z4.o


==============================================================================

Image component sizes


      Code (inc. data)   RO Data    RW Data    ZI Data      Debug   Object Name

       250         20          0          4          0       2498   adc.o
       372         46          0          0          0     218512   gpio.o
       968        128        100         25          0       8393   main.o
       380         54          0          0          0      10452   pit.o
        64          8          0          0          0       1025   rtx_config.o
       136          6        204       4945          0      15479   rtx_lib.o
        80         44        192          0        256        868   startup_mkl25z4.o
       412         42          0          4          0       1483   system_mkl25z4.o
       180         20          0          0          0        887   tpm_pwm.o

    ----------------------------------------------------------------------
      2844        368        528       4988        256     259597   Object Totals
         0          0         32          0          0          0   (incl. Generated)
         2          0          0         10          0          0   (incl. Padding)

    ----------------------------------------------------------------------

      Code (inc. data)   RO Data    RW Data    ZI Data      Debug   Library Member Name

       164          8          1          0          0        500   irq_cm0.o
       138         32          0          0          1       3224   os_systick.o
        58          4          0          0          0       2886   rtx_delay.o
       724         24          0          0          0      12869   rtx_evflags.o
       648         48         11        164          0      17544   rtx_kernel.o
       260          0          0          0          0       2922   rtx_memory.o
       188          0          0          0          0      14743   rtx_mempool.o
      1634         44          0          0          0      18033   rtx_msgqueue.o
       898         32          0          0          0       9804   rtx_mutex.o
       360         24          0          0          0       4848   rtx_system.o
      1736         96          0          0          0      32232   rtx_thread.o
       236         20          0          0          0      10604   rtx_timer.o
        58          0          0          0          0          0   __dczerorl.o
         8          0          0          0          0         68   __main.o
         0          0          0          0          0          0   __rtentry.o
        20          0          0          0          0          0   __rtentry2.o
         6          0          0          0          0          0   __rtentry4.o
        60          8          0          0          0          0   __scatter.o
        28          0          0          0          0          0   __scatter_zi.o
       346          0          0          0          0         92   aeabi_sdiv.o
        16          0          0          0          0         68   exit.o
         6          0          0          0          0        136   heapauxi.o
         0          0          0          0          0          0   indicate_semi.o
         2          0          0          0          0          0   libinit.o
         2          0          0          0          0          0   libinit2.o
         2          0          0          0          0          0   libshutdown.o
         2          0          0          0          0          0   libshutdown2.o
         8          4          0          0         96         68   libspace.o
        64          0          0          0          0        108   rt_memclr.o
       186          0          0          0          0        144   rt_memcpy.o
         2          0          0          0          0          0   rtexit.o
        10          0          0          0          0          0   rtexit2.o
        12          4          0          0          0         60   sys_exit.o
        62          0          0          0          0         80   sys_stackheap_outer.o
         2          0          0          0          0         68   use_no_semi.o
        46          0          0          0          0         60   cmpret.o
       124          4          0          0          0         72   d2f.o
       144          4          0          0          0         76   dcmpin.o
      1096         26        128          0          0        112   ddiv.o
        88          0          0          0          0         92   dflti.o
       100          4          0          0          0         92   dlef.o
       584         26          0          0          0         84   dmul.o
        20          6          0          0          0         68   dnan2.o
       104          4          0          0          0        104   drlef.o
        84          4          0          0          0         60   f2d.o
       100          4          0          0          0         68   fcmpin.o
        84          4          0          0          0         76   flef.o
        16          6          0          0          0         68   fnan2.o
        88          4          0          0          0         76   frlef.o
        94          0          0          0          0         68   retnan.o
         0          0          0          0          0          0   usenofp.o

    ----------------------------------------------------------------------
     10740        444        144        164        104     132277   Library Totals
        22          0          4          0          7          0   (incl. Padding)

    ----------------------------------------------------------------------

      Code (inc. data)   RO Data    RW Data    ZI Data      Debug   Library Name

      7044        332         12        164          1     130209   RTX_CM0.lib
       902         16          0          0         96        892   c_p.l
      2772         96        128          0          0       1176   fz_ps.l

    ----------------------------------------------------------------------
     10740        444        144        164        104     132277   Library Totals

    ----------------------------------------------------------------------

==============================================================================


      Code (inc. data)   RO Data    RW Data    ZI Data      Debug   

     13584        812        672       5152        360     389194   Grand Totals
     13584        812        672         60        360     389194   ELF Image Totals (compressed)
     13584        812        672         60          0          0   ROM Totals

==============================================================================

    Total RO  Size (Code + RO Data)                14256 (  13.92kB)
    Total RW  Size (RW Data + ZI Data)              5512 (   5.38kB)
    Total ROM Size (Code + RO Data + RW Data)      14316 (  13.98kB)

==============================================================================

